2025-04-11 14:05:48,809 INFO 3058681: Cobretti stage 1BB run in progress...
2025-04-11 14:05:48,810 INFO 3058681: Preparing files for PK/cm-builder...
2025-04-11 14:05:48,811 INFO 3058681: Extending motifs...
2025-04-11 14:05:49,338 INFO 3058681: Checking for pseudoknots...
2025-04-11 14:06:15,306 INFO 3058681: Cleaning up pseudoknot results...
2025-04-11 14:06:15,310 INFO 3058681: Nesting pseudoknots...
2025-04-11 14:06:15,362 INFO 3058681: Cobretti run completed successfully!
