flatpak: symbol lookup error: /lib64/libldap.so.2: undefined symbol: EVP_md2, version OPENSSL_3.0.0
slurmstepd: error: *** JOB 6254387 ON nova18-9 CANCELLED AT 2025-04-14T14:46:26 ***
