2025-04-10 14:21:22,729 INFO 2690142: Cobretti stage 1A run in progress...
2025-04-10 14:21:22,730 INFO 2690142: Preparing sequence files...
2025-04-10 14:21:22,734 INFO 2690142: Running ScanFold 2.0...
Submitted batch job 6234554
2025-04-10 14:21:23,086 INFO 2690142: Running BLAST...
Submitted batch job 6234555
2025-04-10 14:21:23,130 INFO 2690142: Cobretti run completed successfully!
