flatpak: symbol lookup error: /lib64/libldap.so.2: undefined symbol: EVP_md2, version OPENSSL_3.0.0

[+] Importing sequence database...
[+] Importing sequence database...
[+] Importing sequence database...
[+] Importing sequence database...
[+] Importing sequence database...
[+] Importing sequence database...
[+] Importing sequence database...
[+] Importing sequence database...
[+] Importing sequence database...
[+] Importing sequence database... 2500 imported.
[+] Generating initial Stockholm motif file... 2500 imported.
[+] Generating initial Stockholm motif file... 2500 imported.
[+] Generating initial Stockholm motif file...
[+] Looking for motif position in sequence... found at 280-336.
[+] Building covariance model (iteration 1)...
    Output from cmbuild:


[+] Looking for motif position in sequence... found at 263-323.
[+] Building covariance model (iteration 1)...
    Output from cmbuild:


[+] Looking for motif position in sequence... found at 306-361.
[+] Building covariance model (iteration 1)...
    Output from cmbuild:

 2500 imported.
[+] Generating initial Stockholm motif file... 2500 imported.
[+] Generating initial Stockholm motif file...
[+] Looking for motif position in sequence... found at 278-343.
[+] Building covariance model (iteration 1)...
    Output from cmbuild:


[+] Looking for motif position in sequence... found at 280-351.
[+] Building covariance model (iteration 1)...
    Output from cmbuild:

    # cmbuild :: covariance model construction from multiple sequence alignments
    # INFERNAL 1.1.4 (Dec 2020)
    # Copyright (C) 2020 Howard Hughes Medical Institute.
    # Freely distributed under the BSD open source license.
    # - - - - - - - - - - - - - - - - - - - - - - - - - - - - - - - - - - - -
    # CM file:                                            ./tmp1/1a51_motif_3HFold.cm
    # alignment file:                                     ./tmp1/1a51_motif_3HFold.stockholm
    # overwrite CM file if necessary:                     yes
    # - - - - - - - - - - - - - - - - - - - - - - - - - - - - - - - - - - - -
    #                                                                      rel entropy
    #                                                                      -----------
    # idx    name                     nseq eff_nseq   alen  clen  bps bifs    CM   HMM description
    # ------ -------------------- -------- -------- ------ ----- ---- ---- ----- ----- -----------
           1 1a51_motif_3HFold           1     1.00     56    56   20    2 0.743 0.431 
    #
    # CPU time: 0.04u 0.00s 00:00:00.04 Elapsed: 00:00:00.05
    # cmbuild :: covariance model construction from multiple sequence alignments
    # INFERNAL 1.1.4 (Dec 2020)
    # Copyright (C) 2020 Howard Hughes Medical Institute.
    # Freely distributed under the BSD open source license.
    # - - - - - - - - - - - - - - - - - - - - - - - - - - - - - - - - - - - -
    # CM file:                                            ./tmp1/1a51_motif_2Knotty1.cm
    # alignment file:                                     ./tmp1/1a51_motif_2Knotty1.stockholm
    # overwrite CM file if necessary:                     yes
    # - - - - - - - - - - - - - - - - - - - - - - - - - - - - - - - - - - - -
    #                                                                      rel entropy
    #                                                                      -----------
    # idx    name                     nseq eff_nseq   alen  clen  bps bifs    CM   HMM description
    # ------ -------------------- -------- -------- ------ ----- ---- ---- ----- ----- -----------
           1 1a51_motif_2Knotty1         1     1.00     57    57   15    1 0.696 0.459 
    #
    # CPU time: 0.04u 0.00s 00:00:00.04 Elapsed: 00:00:00.05
    # cmbuild :: covariance model construction from multiple sequence alignments
    # INFERNAL 1.1.4 (Dec 2020)
    # Copyright (C) 2020 Howard Hughes Medical Institute.
    # Freely distributed under the BSD open source license.
    # - - - - - - - - - - - - - - - - - - - - - - - - - - - - - - - - - - - -
    # CM file:                                            ./tmp1/1a51_motif_1Knotty1.cm
    # alignment file:                                     ./tmp1/1a51_motif_1Knotty1.stockholm
    # overwrite CM file if necessary:                     yes
    # - - - - - - - - - - - - - - - - - - - - - - - - - - - - - - - - - - - -
    #                                                                      rel entropy
    #                                                                      -----------
    # idx    name                     nseq eff_nseq   alen  clen  bps bifs    CM   HMM description
    # ------ -------------------- -------- -------- ------ ----- ---- ---- ----- ----- -----------
           1 1a51_motif_1Knotty1         1     1.00     61    61   10    0 0.639 0.485 
    #
    # CPU time: 0.05u 0.00s 00:00:00.05 Elapsed: 00:00:00.06
 2500 imported.
[+] Generating initial Stockholm motif file...
[+] Looking for motif position in sequence... found at 292-305.
[+] Building covariance model (iteration 1)...
    Output from cmbuild:

    # cmbuild :: covariance model construction from multiple sequence alignments
    # INFERNAL 1.1.4 (Dec 2020)
    # Copyright (C) 2020 Howard Hughes Medical Institute.
    # Freely distributed under the BSD open source license.
    # - - - - - - - - - - - - - - - - - - - - - - - - - - - - - - - - - - - -
    # CM file:                                            ./tmp1/1a51_motif_2HFoldScanFold.cm
    # alignment file:                                     ./tmp1/1a51_motif_2HFoldScanFold.stockholm
    # overwrite CM file if necessary:                     yes
    # - - - - - - - - - - - - - - - - - - - - - - - - - - - - - - - - - - - -
    #                                                                      rel entropy
    #                                                                      -----------
    # idx    name                     nseq eff_nseq   alen  clen  bps bifs    CM   HMM description
    # ------ -------------------- -------- -------- ------ ----- ---- ---- ----- ----- -----------
           1 1a51_motif_2HFoldScanFold        1     1.00     66    66   19    3 0.730 0.477 
    #
    # CPU time: 0.06u 0.00s 00:00:00.06 Elapsed: 00:00:00.06
 2500 imported.
[+] Generating initial Stockholm motif file... 2500 imported.
[+] Generating initial Stockholm motif file...
[+] Looking for motif position in sequence... found at 263-323.
[+] Building covariance model (iteration 1)...
    Output from cmbuild:


[+] Calibrating covariance model (estimated time: 00 h and 02 min)...
    Output from cmcalibrate:


[+] Calibrating covariance model (estimated time: 00 h and 01 min)...
    Output from cmcalibrate:


[+] Calibrating covariance model (estimated time: 00 h and 02 min)...
    Output from cmcalibrate:

 2500 imported.
[+] Generating initial Stockholm motif file...
[+] Looking for motif position in sequence... found at 306-368.
[+] Building covariance model (iteration 1)...
    Output from cmbuild:


[+] Calibrating covariance model (estimated time: 00 h and 02 min)...
    Output from cmcalibrate:

 2500 imported.
[+] Generating initial Stockholm motif file...
[+] Looking for motif position in sequence... found at 325-343.
[+] Building covariance model (iteration 1)...
    Output from cmbuild:

    # cmbuild :: covariance model construction from multiple sequence alignments
    # INFERNAL 1.1.4 (Dec 2020)
    # Copyright (C) 2020 Howard Hughes Medical Institute.
    # Freely distributed under the BSD open source license.
    # - - - - - - - - - - - - - - - - - - - - - - - - - - - - - - - - - - - -
    # CM file:                                            ./tmp1/1a51_motif_3ScanFold.cm
    # alignment file:                                     ./tmp1/1a51_motif_3ScanFold.stockholm
    # overwrite CM file if necessary:                     yes
    # - - - - - - - - - - - - - - - - - - - - - - - - - - - - - - - - - - - -
    #                                                                      rel entropy
    #                                                                      -----------
    # idx    name                     nseq eff_nseq   alen  clen  bps bifs    CM   HMM description
    # ------ -------------------- -------- -------- ------ ----- ---- ---- ----- ----- -----------
           1 1a51_motif_3ScanFold        1     1.00     19    19    7    0 0.758 0.433 
    #
    # CPU time: 0.02u 0.00s 00:00:00.02 Elapsed: 00:00:00.02

[+] Calibrating covariance model (estimated time: 00 h and 00 min)...
    Output from cmcalibrate:


[+] Looking for motif position in sequence...    # cmbuild :: covariance model construction from multiple sequence alignments
    # INFERNAL 1.1.4 (Dec 2020)
    # Copyright (C) 2020 Howard Hughes Medical Institute.
    # Freely distributed under the BSD open source license.
    # - - - - - - - - - - - - - - - - - - - - - - - - - - - - - - - - - - - -
    # CM file:                                            ./tmp1/1a51_motif_1ScanFold.cm
    # alignment file:                                     ./tmp1/1a51_motif_1ScanFold.stockholm
    # overwrite CM file if necessary:                     yes
    # - - - - - - - - - - - - - - - - - - - - - - - - - - - - - - - - - - - -
    #                                                                      rel entropy
    #                                                                      -----------
    # idx    name                     nseq eff_nseq   alen  clen  bps bifs    CM   HMM description
    # ------ -------------------- -------- -------- ------ ----- ---- ---- ----- ----- -----------
           1 1a51_motif_1ScanFold        1     1.00     14    14    3    0 0.720 0.527 
    #
    # CPU time: 0.01u 0.00s 00:00:00.01 Elapsed: 00:00:00.62
 found at 306-322.
[+] Building covariance model (iteration 1)...
    Output from cmbuild:

    # cmbuild :: covariance model construction from multiple sequence alignments
    # INFERNAL 1.1.4 (Dec 2020)
    # Copyright (C) 2020 Howard Hughes Medical Institute.
    # Freely distributed under the BSD open source license.
    # - - - - - - - - - - - - - - - - - - - - - - - - - - - - - - - - - - - -
    # CM file:                                            ./tmp1/1a51_motif_2HFold.cm
    # alignment file:                                     ./tmp1/1a51_motif_2HFold.stockholm
    # overwrite CM file if necessary:                     yes
    # - - - - - - - - - - - - - - - - - - - - - - - - - - - - - - - - - - - -
    #                                                                      rel entropy
    #                                                                      -----------
    # idx    name                     nseq eff_nseq   alen  clen  bps bifs    CM   HMM description
    # ------ -------------------- -------- -------- ------ ----- ---- ---- ----- ----- -----------
           1 1a51_motif_2HFold           1     1.00     72    72   25    1 0.746 0.440 
    #
    # CPU time: 0.07u 0.00s 00:00:00.07 Elapsed: 00:00:00.68
    # cmbuild :: covariance model construction from multiple sequence alignments
    # INFERNAL 1.1.4 (Dec 2020)
    # Copyright (C) 2020 Howard Hughes Medical Institute.
    # Freely distributed under the BSD open source license.
    # - - - - - - - - - - - - - - - - - - - - - - - - - - - - - - - - - - - -
    # CM file:                                            ./tmp1/1a51_motif_3Knotty1.cm
    # alignment file:                                     ./tmp1/1a51_motif_3Knotty1.stockholm
    # overwrite CM file if necessary:                     yes
    # - - - - - - - - - - - - - - - - - - - - - - - - - - - - - - - - - - - -
    #                                                                      rel entropy
    #                                                                      -----------
    # idx    name                     nseq eff_nseq   alen  clen  bps bifs    CM   HMM description
    # ------ -------------------- -------- -------- ------ ----- ---- ---- ----- ----- -----------
           1 1a51_motif_3Knotty1         1     1.00     63    63   19    0 0.716 0.445 
    #
    # CPU time: 0.05u 0.00s 00:00:00.05 Elapsed: 00:00:00.52
    # cmbuild :: covariance model construction from multiple sequence alignments
    # INFERNAL 1.1.4 (Dec 2020)
    # Copyright (C) 2020 Howard Hughes Medical Institute.
    # Freely distributed under the BSD open source license.
    # - - - - - - - - - - - - - - - - - - - - - - - - - - - - - - - - - - - -
    # CM file:                                            ./tmp1/1a51_motif_2ScanFold.cm
    # alignment file:                                     ./tmp1/1a51_motif_2ScanFold.stockholm
    # overwrite CM file if necessary:                     yes
    # - - - - - - - - - - - - - - - - - - - - - - - - - - - - - - - - - - - -
    #                                                                      rel entropy
    #                                                                      -----------
    # idx    name                     nseq eff_nseq   alen  clen  bps bifs    CM   HMM description
    # ------ -------------------- -------- -------- ------ ----- ---- ---- ----- ----- -----------
           1 1a51_motif_2ScanFold        1     1.00     17    17    6    0 0.766 0.458 
    #
    # CPU time: 0.03u 0.00s 00:00:00.03 Elapsed: 00:00:00.08

[+] Calibrating covariance model (estimated time: 00 h and 00 min)...
    Output from cmcalibrate:

    # cmbuild :: covariance model construction from multiple sequence alignments
    # INFERNAL 1.1.4 (Dec 2020)
    # Copyright (C) 2020 Howard Hughes Medical Institute.
    # Freely distributed under the BSD open source license.
    # - - - - - - - - - - - - - - - - - - - - - - - - - - - - - - - - - - - -
    # CM file:                                            ./tmp1/1a51_motif_1HFold.cm
    # alignment file:                                     ./tmp1/1a51_motif_1HFold.stockholm
    # overwrite CM file if necessary:                     yes
    # - - - - - - - - - - - - - - - - - - - - - - - - - - - - - - - - - - - -
    #                                                                      rel entropy
    #                                                                      -----------
    # idx    name                     nseq eff_nseq   alen  clen  bps bifs    CM   HMM description
    # ------ -------------------- -------- -------- ------ ----- ---- ---- ----- ----- -----------
           1 1a51_motif_1HFold           1     1.00     61    61   21    1 0.751 0.437 
    #
    # CPU time: 0.05u 0.00s 00:00:00.05 Elapsed: 00:00:00.72

[+] Calibrating covariance model (estimated time: 00 h and 04 min)...
    Output from cmcalibrate:


[+] Calibrating covariance model (estimated time: 00 h and 00 min)...
    Output from cmcalibrate:


[+] Calibrating covariance model (estimated time: 00 h and 05 min)...
    Output from cmcalibrate:


[+] Calibrating covariance model (estimated time: 00 h and 04 min)...
    Output from cmcalibrate:

    # cmcalibrate :: fit exponential tails for CM E-values
    # INFERNAL 1.1.4 (Dec 2020)
    # Copyright (C) 2020 Howard Hughes Medical Institute.
    # Freely distributed under the BSD open source license.
    # - - - - - - - - - - - - - - - - - - - - - - - - - - - - - - - - - - - -
    # CM file:                                     ./tmp1/1a51_motif_1ScanFold.cm
    # number of worker threads:                    4 [--cpu]
    # - - - - - - - - - - - - - - - - - - - - - - - - - - - - - - - - - - - -
    #
    # Calibrating CM(s):
    #
    #                        predicted                                                   actual   
    #                       running time              percent complete                running time
    # model name            (hr:min:sec)  [........25........50........75..........]  (hr:min:sec)
    # --------------------  ------------  ------------------------------------------  ------------
      1a51_motif_1ScanFold      00:00:00  [========================================]      00:00:59
    #
    # Calibration summary statistics:
    #
    #                           exponential tail fit mu        exponential tail fit lambda         total number of hits      
    #                       -------------------------------  -------------------------------  -------------------------------
    # model name            glc cyk glc ins loc cyk loc ins  glc cyk glc ins loc cyk loc ins  glc cyk glc ins loc cyk loc ins
    # --------------------  ------- ------- ------- -------  ------- ------- ------- -------  ------- ------- ------- -------
      1a51_motif_1ScanFold     8.70    8.71    7.00    7.22    0.742   0.738   0.714   0.752   279403  252683  394625  341311
    #
    # CPU time: 116.17u 0.35s 00:01:56.52 Elapsed: 00:00:59.31
    [ok]

[+] Searching DB with covariance model... 2500 matches found.
[+] Removing duplicate sequences... 2 matches left.
[+] Writing matches to FASTA file
[+] Aligning matches to covariance model...
    Output from cmalign:

    # cmalign :: align sequences to a CM
    # INFERNAL 1.1.4 (Dec 2020)
    # Copyright (C) 2020 Howard Hughes Medical Institute.
    # Freely distributed under the BSD open source license.
    # - - - - - - - - - - - - - - - - - - - - - - - - - - - - - - - - - - - -
    # CM file:                                     ./tmp1/1a51_motif_1ScanFold.cm
    # sequence file:                               ./tmp1/1a51_motif_1ScanFold.fasta
    # CM name:                                     1a51_motif_1ScanFold
    # saving alignment to file:                    ./tmp1/1a51_motif_1ScanFold.stockholm
    # posterior probability annotation:            off
    # number of worker threads:                    4 [--cpu]
    # - - - - - - - - - - - - - - - - - - - - - - - - - - - - - - - - - - - -
    #                                                                          running time (s)                 
    #                                                                   -------------------------------          
    # idx  seq name  length  cm from    cm to  trunc    bit sc  avg pp  band calc  alignment      total  mem (Mb)
    # ---  --------  ------  -------  -------  -----  --------  ------  ---------  ---------  ---------  --------
        1  CP012125      14        1       14     no     13.63       -       0.00       0.00       0.00      0.02
        2  CP057993      14        1       14     no     10.61       -       0.00       0.00       0.00      0.02
    #
    # CPU time: 0.02u 0.02s 00:00:00.04 Elapsed: 00:00:00.06

[+] Building covariance model (iteration 2)...
    Output from cmbuild:

    # cmbuild :: covariance model construction from multiple sequence alignments
    # INFERNAL 1.1.4 (Dec 2020)
    # Copyright (C) 2020 Howard Hughes Medical Institute.
    # Freely distributed under the BSD open source license.
    # - - - - - - - - - - - - - - - - - - - - - - - - - - - - - - - - - - - -
    # CM file:                                            ./tmp1/1a51_motif_1ScanFold.cm
    # alignment file:                                     ./tmp1/1a51_motif_1ScanFold.stockholm
    # overwrite CM file if necessary:                     yes
    # - - - - - - - - - - - - - - - - - - - - - - - - - - - - - - - - - - - -
    #                                                                      rel entropy
    #                                                                      -----------
    # idx    name                     nseq eff_nseq   alen  clen  bps bifs    CM   HMM description
    # ------ -------------------- -------- -------- ------ ----- ---- ---- ----- ----- -----------
           1 1a51_motif_1ScanFold        2     2.00     14    14    3    0 1.050 0.912 
    #
    # CPU time: 0.02u 0.01s 00:00:00.03 Elapsed: 00:00:00.07

[+] Calibrating covariance model (estimated time: 00 h and 00 min)...
    Output from cmcalibrate:

    # cmcalibrate :: fit exponential tails for CM E-values
    # INFERNAL 1.1.4 (Dec 2020)
    # Copyright (C) 2020 Howard Hughes Medical Institute.
    # Freely distributed under the BSD open source license.
    # - - - - - - - - - - - - - - - - - - - - - - - - - - - - - - - - - - - -
    # CM file:                                     ./tmp1/1a51_motif_3ScanFold.cm
    # number of worker threads:                    4 [--cpu]
    # - - - - - - - - - - - - - - - - - - - - - - - - - - - - - - - - - - - -
    #
    # Calibrating CM(s):
    #
    #                        predicted                                                   actual   
    #                       running time              percent complete                running time
    # model name            (hr:min:sec)  [........25........50........75..........]  (hr:min:sec)
    # --------------------  ------------  ------------------------------------------  ------------
      1a51_motif_3ScanFold      00:00:43  [========================================]      00:01:23
    #
    # Calibration summary statistics:
    #
    #                           exponential tail fit mu        exponential tail fit lambda         total number of hits      
    #                       -------------------------------  -------------------------------  -------------------------------
    # model name            glc cyk glc ins loc cyk loc ins  glc cyk glc ins loc cyk loc ins  glc cyk glc ins loc cyk loc ins
    # --------------------  ------- ------- ------- -------  ------- ------- ------- -------  ------- ------- ------- -------
      1a51_motif_3ScanFold     7.88    8.07    6.26    7.01    0.639   0.652   0.652   0.716   301060  267344  414713  353262
    #
    # CPU time: 186.22u 0.21s 00:03:06.43 Elapsed: 00:01:23.42
    [ok]

[+] Searching DB with covariance model... 2499 matches found.
[+] Removing duplicate sequences... 8 matches left.
[+] Writing matches to FASTA file
[+] Aligning matches to covariance model...
    Output from cmalign:

    # cmalign :: align sequences to a CM
    # INFERNAL 1.1.4 (Dec 2020)
    # Copyright (C) 2020 Howard Hughes Medical Institute.
    # Freely distributed under the BSD open source license.
    # - - - - - - - - - - - - - - - - - - - - - - - - - - - - - - - - - - - -
    # CM file:                                     ./tmp1/1a51_motif_3ScanFold.cm
    # sequence file:                               ./tmp1/1a51_motif_3ScanFold.fasta
    # CM name:                                     1a51_motif_3ScanFold
    # saving alignment to file:                    ./tmp1/1a51_motif_3ScanFold.stockholm
    # posterior probability annotation:            off
    # number of worker threads:                    4 [--cpu]
    # - - - - - - - - - - - - - - - - - - - - - - - - - - - - - - - - - - - -
    #                                                                          running time (s)                 
    #                                                                   -------------------------------          
    # idx  seq name  length  cm from    cm to  trunc    bit sc  avg pp  band calc  alignment      total  mem (Mb)
    # ---  --------  ------  -------  -------  -----  --------  ------  ---------  ---------  ---------  --------
        1  CP001637      19        1       19     no     16.80       -       0.00       0.00       0.00      0.04
        2  CP057207      19        1       19     no     17.09       -       0.01       0.00       0.02      0.04
        3  CP014197      19        1       19     no     19.85       -       0.01       0.00       0.01      0.04
        4  LC056198      19        1       19     no     18.47       -       0.01       0.00       0.01      0.04
        5  CP035322      19        1       19     no     16.95       -       0.00       0.00       0.00      0.04
        6  LM996841      19        1       19     no     17.32       -       0.00       0.00       0.00      0.04
        7  CP010148      18        1       19     no     11.35       -       0.00       0.00       0.00      0.05
        8  LC056568      19        1       19     no     18.33       -       0.00       0.00       0.00      0.04
    #
    # CPU time: 0.02u 0.00s 00:00:00.02 Elapsed: 00:00:00.08

[+] Building covariance model (iteration 2)...
    Output from cmbuild:

    # cmbuild :: covariance model construction from multiple sequence alignments
    # INFERNAL 1.1.4 (Dec 2020)
    # Copyright (C) 2020 Howard Hughes Medical Institute.
    # Freely distributed under the BSD open source license.
    # - - - - - - - - - - - - - - - - - - - - - - - - - - - - - - - - - - - -
    # CM file:                                            ./tmp1/1a51_motif_3ScanFold.cm
    # alignment file:                                     ./tmp1/1a51_motif_3ScanFold.stockholm
    # overwrite CM file if necessary:                     yes
    # - - - - - - - - - - - - - - - - - - - - - - - - - - - - - - - - - - - -
    #                                                                      rel entropy
    #                                                                      -----------
    # idx    name                     nseq eff_nseq   alen  clen  bps bifs    CM   HMM description
    # ------ -------------------- -------- -------- ------ ----- ---- ---- ----- ----- -----------
           1 1a51_motif_3ScanFold        8     8.00     19    19    7    0 1.652 1.573 
    #
    # CPU time: 0.03u 0.00s 00:00:00.03 Elapsed: 00:00:00.08

[+] Calibrating covariance model (estimated time: 00 h and 00 min)...
    Output from cmcalibrate:

    # cmcalibrate :: fit exponential tails for CM E-values
    # INFERNAL 1.1.4 (Dec 2020)
    # Copyright (C) 2020 Howard Hughes Medical Institute.
    # Freely distributed under the BSD open source license.
    # - - - - - - - - - - - - - - - - - - - - - - - - - - - - - - - - - - - -
    # CM file:                                     ./tmp1/1a51_motif_2ScanFold.cm
    # number of worker threads:                    4 [--cpu]
    # - - - - - - - - - - - - - - - - - - - - - - - - - - - - - - - - - - - -
    #
    # Calibrating CM(s):
    #
    #                        predicted                                                   actual   
    #                       running time              percent complete                running time
    # model name            (hr:min:sec)  [........25........50........75..........]  (hr:min:sec)
    # --------------------  ------------  ------------------------------------------  ------------
      1a51_motif_2ScanFold      00:00:43  [========================================]      00:02:01
    #
    # Calibration summary statistics:
    #
    #                           exponential tail fit mu        exponential tail fit lambda         total number of hits      
    #                       -------------------------------  -------------------------------  -------------------------------
    # model name            glc cyk glc ins loc cyk loc ins  glc cyk glc ins loc cyk loc ins  glc cyk glc ins loc cyk loc ins
    # --------------------  ------- ------- ------- -------  ------- ------- ------- -------  ------- ------- ------- -------
      1a51_motif_2ScanFold     8.25    8.39    6.51    7.05    0.649   0.676   0.648   0.690   302072  273902  385861  335237
    #
    # CPU time: 183.01u 0.41s 00:03:03.42 Elapsed: 00:02:01.69
    [ok]

[+] Searching DB with covariance model... 2500 matches found.
[+] Removing duplicate sequences... 1 matches left.
[+] Writing matches to FASTA file
[+] Aligning matches to covariance model...
    Output from cmalign:

    # cmalign :: align sequences to a CM
    # INFERNAL 1.1.4 (Dec 2020)
    # Copyright (C) 2020 Howard Hughes Medical Institute.
    # Freely distributed under the BSD open source license.
    # - - - - - - - - - - - - - - - - - - - - - - - - - - - - - - - - - - - -
    # CM file:                                     ./tmp1/1a51_motif_2ScanFold.cm
    # sequence file:                               ./tmp1/1a51_motif_2ScanFold.fasta
    # CM name:                                     1a51_motif_2ScanFold
    # saving alignment to file:                    ./tmp1/1a51_motif_2ScanFold.stockholm
    # posterior probability annotation:            off
    # number of worker threads:                    4 [--cpu]
    # - - - - - - - - - - - - - - - - - - - - - - - - - - - - - - - - - - - -
    #                                                                          running time (s)                 
    #                                                                   -------------------------------          
    # idx  seq name  length  cm from    cm to  trunc    bit sc  avg pp  band calc  alignment      total  mem (Mb)
    # ---  --------  ------  -------  -------  -----  --------  ------  ---------  ---------  ---------  --------
        1  CP069865      17        1       17     no     17.22       -       0.00       0.00       0.00      0.03
    #
    # CPU time: 0.02u 0.01s 00:00:00.03 Elapsed: 00:00:00.08


[!] Error: No sequences left for motif 1a51_motif_2ScanFold in alignment. Skipping...


[+] All done.

    # cmcalibrate :: fit exponential tails for CM E-values
    # INFERNAL 1.1.4 (Dec 2020)
    # Copyright (C) 2020 Howard Hughes Medical Institute.
    # Freely distributed under the BSD open source license.
    # - - - - - - - - - - - - - - - - - - - - - - - - - - - - - - - - - - - -
    # CM file:                                     ./tmp1/1a51_motif_1ScanFold.cm
    # number of worker threads:                    4 [--cpu]
    # - - - - - - - - - - - - - - - - - - - - - - - - - - - - - - - - - - - -
    #
    # Calibrating CM(s):
    #
    #                        predicted                                                   actual   
    #                       running time              percent complete                running time
    # model name            (hr:min:sec)  [........25........50........75..........]  (hr:min:sec)
    # --------------------  ------------  ------------------------------------------  ------------
      1a51_motif_1ScanFold      00:00:42  [========================================]      00:01:26
    #
    # Calibration summary statistics:
    #
    #                           exponential tail fit mu        exponential tail fit lambda         total number of hits      
    #                       -------------------------------  -------------------------------  -------------------------------
    # model name            glc cyk glc ins loc cyk loc ins  glc cyk glc ins loc cyk loc ins  glc cyk glc ins loc cyk loc ins
    # --------------------  ------- ------- ------- -------  ------- ------- ------- -------  ------- ------- ------- -------
      1a51_motif_1ScanFold     7.64    7.78    5.97    6.56    0.571   0.596   0.621   0.690   349546  314053  514525  436963
    #
    # CPU time: 127.46u 0.33s 00:02:07.79 Elapsed: 00:01:26.59
    [ok]

[+] Searching DB with covariance model... 2500 matches found.
[+] Removing duplicate sequences... 2 matches left.
[+] Writing matches to FASTA file
[+] Aligning matches to covariance model...
    Output from cmalign:

    # cmalign :: align sequences to a CM
    # INFERNAL 1.1.4 (Dec 2020)
    # Copyright (C) 2020 Howard Hughes Medical Institute.
    # Freely distributed under the BSD open source license.
    # - - - - - - - - - - - - - - - - - - - - - - - - - - - - - - - - - - - -
    # CM file:                                     ./tmp1/1a51_motif_1ScanFold.cm
    # sequence file:                               ./tmp1/1a51_motif_1ScanFold.fasta
    # CM name:                                     1a51_motif_1ScanFold
    # saving alignment to file:                    ./tmp1/1a51_motif_1ScanFold.stockholm
    # posterior probability annotation:            off
    # number of worker threads:                    4 [--cpu]
    # - - - - - - - - - - - - - - - - - - - - - - - - - - - - - - - - - - - -
    #                                                                          running time (s)                 
    #                                                                   -------------------------------          
    # idx  seq name  length  cm from    cm to  trunc    bit sc  avg pp  band calc  alignment      total  mem (Mb)
    # ---  --------  ------  -------  -------  -----  --------  ------  ---------  ---------  ---------  --------
        1  AP022049      14        1       14     no     16.09       -       0.00       0.00       0.00      0.02
        2  CP057994      14        1       14     no     15.63       -       0.00       0.00       0.00      0.02
    #
    # CPU time: 0.01u 0.01s 00:00:00.02 Elapsed: 00:00:00.04

[+] Building covariance model (iteration 3)...
    Output from cmbuild:

    # cmbuild :: covariance model construction from multiple sequence alignments
    # INFERNAL 1.1.4 (Dec 2020)
    # Copyright (C) 2020 Howard Hughes Medical Institute.
    # Freely distributed under the BSD open source license.
    # - - - - - - - - - - - - - - - - - - - - - - - - - - - - - - - - - - - -
    # CM file:                                            ./tmp1/1a51_motif_1ScanFold.cm
    # alignment file:                                     ./tmp1/1a51_motif_1ScanFold.stockholm
    # overwrite CM file if necessary:                     yes
    # - - - - - - - - - - - - - - - - - - - - - - - - - - - - - - - - - - - -
    #                                                                      rel entropy
    #                                                                      -----------
    # idx    name                     nseq eff_nseq   alen  clen  bps bifs    CM   HMM description
    # ------ -------------------- -------- -------- ------ ----- ---- ---- ----- ----- -----------
           1 1a51_motif_1ScanFold        2     2.00     14    14    3    0 1.050 0.912 
    #
    # CPU time: 0.03u 0.00s 00:00:00.03 Elapsed: 00:00:00.07

[+] Calibrating covariance model (estimated time: 00 h and 00 min)...
    Output from cmcalibrate:

