2025-04-11 12:59:54,244 INFO 3058032: Cobretti stage 1BB run in progress...
2025-04-11 12:59:54,244 INFO 3058032: Preparing files for PK/cm-builder...
2025-04-11 12:59:54,246 INFO 3058032: Extending motifs...
2025-04-11 12:59:54,781 INFO 3058032: Checking for pseudoknots...
Cannot open file /work/LAS/wmoss-lab/programs/hfold/simfold/params/multirnafold.conf: No such file or directory
Cannot open file /work/LAS/wmoss-lab/programs/hfold/simfold/params/multirnafold.conf: No such file or directory
Cannot open file /work/LAS/wmoss-lab/programs/hfold/simfold/params/multirnafold.conf: No such file or directory
Cannot open file /work/LAS/wmoss-lab/programs/hfold/simfold/params/multirnafold.conf: No such file or directory
Cannot open file /work/LAS/wmoss-lab/programs/hfold/simfold/params/multirnafold.conf: No such file or directory
Cannot open file /work/LAS/wmoss-lab/programs/hfold/simfold/params/multirnafold.conf: No such file or directory
2025-04-11 13:00:20,012 INFO 3058032: Cleaning up pseudoknot results...
2025-04-11 13:00:20,039 ERROR 3058032: PK cleanup error: >>1a51_motif_3_coordinates:326-344_zscore=-2.93 HFold

2025-04-11 13:00:20,039 ERROR 3058032: PK cleanup error: >>1a51_motif_3_coordinates:326-344_zscore=-2.93 HFold

2025-04-11 13:00:20,039 ERROR 3058032: PK cleanup error: >>1a51_motif_2_coordinates:307-323_zscore=-3.69 HFold

2025-04-11 13:00:20,039 ERROR 3058032: PK cleanup error: >>1a51_motif_2_coordinates:307-323_zscore=-3.69 HFold

2025-04-11 13:00:20,039 ERROR 3058032: PK cleanup error: >>1a51_motif_1_coordinates:293-306_zscore=-1.0 HFold

2025-04-11 13:00:20,039 ERROR 3058032: PK cleanup error: >>1a51_motif_1_coordinates:293-306_zscore=-1.0 HFold

2025-04-11 13:00:20,039 ERROR 3058032: PK cleanup error: >>1a51_motif_1_coordinates:293-306_zscore=-1.0 HFold ScanFold

2025-04-11 13:00:20,040 ERROR 3058032: PK cleanup error: >>1a51_motif_1_coordinates:293-306_zscore=-1.0 HFold ScanFold

2025-04-11 13:00:20,041 INFO 3058032: Nesting pseudoknots...
2025-04-11 13:00:20,135 INFO 3058032: Cobretti run completed successfully!
