2025-04-11 13:32:42,315 INFO 1997243: Cobretti stage 1BB run in progress...
2025-04-11 13:32:42,315 INFO 1997243: Preparing files for PK/cm-builder...
2025-04-11 13:32:42,317 INFO 1997243: Extending motifs...
2025-04-11 13:32:42,729 INFO 1997243: Checking for pseudoknots...
/lustre/hdd/LAS/wmoss-lab/programs/hfold_nova/Iterative-HFold: unrecognized option '--r'
/lustre/hdd/LAS/wmoss-lab/programs/hfold_nova/Iterative-HFold: unrecognized option '--r'
/lustre/hdd/LAS/wmoss-lab/programs/hfold_nova/Iterative-HFold: unrecognized option '--r'
/lustre/hdd/LAS/wmoss-lab/programs/hfold_nova/Iterative-HFold: unrecognized option '--r'
/lustre/hdd/LAS/wmoss-lab/programs/hfold_nova/Iterative-HFold: unrecognized option '--r'
/lustre/hdd/LAS/wmoss-lab/programs/hfold_nova/Iterative-HFold: unrecognized option '--r'
2025-04-11 13:33:06,386 INFO 1997243: Cleaning up pseudoknot results...
2025-04-11 13:33:06,388 ERROR 1997243: PK cleanup error: >>1a51_motif_1_coordinates:293-306_zscore=-1.0 HFold

2025-04-11 13:33:06,388 ERROR 1997243: PK cleanup error: >>1a51_motif_1_coordinates:293-306_zscore=-1.0 HFold

2025-04-11 13:33:06,388 ERROR 1997243: PK cleanup error: >>1a51_motif_1_coordinates:293-306_zscore=-1.0 HFold ScanFold

2025-04-11 13:33:06,389 ERROR 1997243: PK cleanup error: >>1a51_motif_1_coordinates:293-306_zscore=-1.0 HFold ScanFold

2025-04-11 13:33:06,390 INFO 1997243: Nesting pseudoknots...
2025-04-11 13:33:07,095 INFO 1997243: Cobretti run completed successfully!
