2025-04-14 12:27:07,427 INFO 895024: Cobretti stage 1BC run in progress...
2025-04-14 12:27:07,427 INFO 895024: Preparing files for PK/cm-builder...
2025-04-14 12:27:07,428 INFO 895024: Preparing cm-builder scripts...
2025-04-14 12:27:08,791 INFO 895024: Running cm-builder scripts...
Submitted batch job 6253575
Submitted batch job 6253576
2025-04-14 12:27:08,872 INFO 895024: Cobretti run completed successfully!
