flatpak: symbol lookup error: /lib64/libldap.so.2: undefined symbol: EVP_md2, version OPENSSL_3.0.0

[+] Importing sequence database...
[+] Importing sequence database...
[+] Importing sequence database...
[+] Importing sequence database...
[+] Importing sequence database... 2500 imported.
[+] Generating initial Stockholm motif file... 2500 imported.
[+] Generating initial Stockholm motif file... 2500 imported.
[+] Generating initial Stockholm motif file...
[+] Looking for motif position in sequence... found at 325-343.
[+] Building covariance model (iteration 1)...
    Output from cmbuild:


[+] Looking for motif position in sequence... found at 263-323.
[+] Building covariance model (iteration 1)...
    Output from cmbuild:

 2500 imported.
[+] Generating initial Stockholm motif file...
[+] Looking for motif position in sequence... found at 306-361.
[+] Building covariance model (iteration 1)...
    Output from cmbuild:


[+] Looking for motif position in sequence... found at 273-327.
[+] Building covariance model (iteration 1)...
    Output from cmbuild:

 2500 imported.
[+] Generating initial Stockholm motif file...    # cmbuild :: covariance model construction from multiple sequence alignments
    # INFERNAL 1.1.4 (Dec 2020)
    # Copyright (C) 2020 Howard Hughes Medical Institute.
    # Freely distributed under the BSD open source license.
    # - - - - - - - - - - - - - - - - - - - - - - - - - - - - - - - - - - - -
    # CM file:                                            ./tmp2/1a51_motif_1Knotty2.cm
    # alignment file:                                     ./tmp2/1a51_motif_1Knotty2.stockholm
    # overwrite CM file if necessary:                     yes
    # - - - - - - - - - - - - - - - - - - - - - - - - - - - - - - - - - - - -
    #                                                                      rel entropy
    #                                                                      -----------
    # idx    name                     nseq eff_nseq   alen  clen  bps bifs    CM   HMM description
    # ------ -------------------- -------- -------- ------ ----- ---- ---- ----- ----- -----------
           1 1a51_motif_1Knotty2         1     1.00     55    55   14    0 0.705 0.481 
    #
    # CPU time: 0.05u 0.00s 00:00:00.05 Elapsed: 00:00:00.06

[+] Looking for motif position in sequence... found at 334-371.
[+] Building covariance model (iteration 1)...
    Output from cmbuild:

    # cmbuild :: covariance model construction from multiple sequence alignments
    # INFERNAL 1.1.4 (Dec 2020)
    # Copyright (C) 2020 Howard Hughes Medical Institute.
    # Freely distributed under the BSD open source license.
    # - - - - - - - - - - - - - - - - - - - - - - - - - - - - - - - - - - - -
    # CM file:                                            ./tmp2/1a51_motif_1HFoldScanFold.cm
    # alignment file:                                     ./tmp2/1a51_motif_1HFoldScanFold.stockholm
    # overwrite CM file if necessary:                     yes
    # - - - - - - - - - - - - - - - - - - - - - - - - - - - - - - - - - - - -
    #                                                                      rel entropy
    #                                                                      -----------
    # idx    name                     nseq eff_nseq   alen  clen  bps bifs    CM   HMM description
    # ------ -------------------- -------- -------- ------ ----- ---- ---- ----- ----- -----------
           1 1a51_motif_1HFoldScanFold        1     1.00     61    61   21    1 0.751 0.437 
    #
    # CPU time: 0.06u 0.00s 00:00:00.06 Elapsed: 00:00:00.07

[+] Calibrating covariance model (estimated time: 00 h and 01 min)...
    Output from cmcalibrate:

    # cmbuild :: covariance model construction from multiple sequence alignments
    # INFERNAL 1.1.4 (Dec 2020)
    # Copyright (C) 2020 Howard Hughes Medical Institute.
    # Freely distributed under the BSD open source license.
    # - - - - - - - - - - - - - - - - - - - - - - - - - - - - - - - - - - - -
    # CM file:                                            ./tmp2/1a51_motif_2Knotty2.cm
    # alignment file:                                     ./tmp2/1a51_motif_2Knotty2.stockholm
    # overwrite CM file if necessary:                     yes
    # - - - - - - - - - - - - - - - - - - - - - - - - - - - - - - - - - - - -
    #                                                                      rel entropy
    #                                                                      -----------
    # idx    name                     nseq eff_nseq   alen  clen  bps bifs    CM   HMM description
    # ------ -------------------- -------- -------- ------ ----- ---- ---- ----- ----- -----------
           1 1a51_motif_2Knotty2         1     1.00     19    19    7    0 0.758 0.433 
    #
    # CPU time: 0.02u 0.00s 00:00:00.02 Elapsed: 00:00:00.14
    # cmbuild :: covariance model construction from multiple sequence alignments
    # INFERNAL 1.1.4 (Dec 2020)
    # Copyright (C) 2020 Howard Hughes Medical Institute.
    # Freely distributed under the BSD open source license.
    # - - - - - - - - - - - - - - - - - - - - - - - - - - - - - - - - - - - -
    # CM file:                                            ./tmp2/1a51_motif_3HFoldScanFold.cm
    # alignment file:                                     ./tmp2/1a51_motif_3HFoldScanFold.stockholm
    # overwrite CM file if necessary:                     yes
    # - - - - - - - - - - - - - - - - - - - - - - - - - - - - - - - - - - - -
    #                                                                      rel entropy
    #                                                                      -----------
    # idx    name                     nseq eff_nseq   alen  clen  bps bifs    CM   HMM description
    # ------ -------------------- -------- -------- ------ ----- ---- ---- ----- ----- -----------
           1 1a51_motif_3HFoldScanFold        1     1.00     56    56   20    2 0.743 0.431 
    #
    # CPU time: 0.05u 0.00s 00:00:00.05 Elapsed: 00:00:00.14

[+] Calibrating covariance model (estimated time: 00 h and 02 min)...
    Output from cmcalibrate:


[+] Calibrating covariance model (estimated time: 00 h and 00 min)...
    Output from cmcalibrate:


[+] Calibrating covariance model (estimated time: 00 h and 02 min)...
    Output from cmcalibrate:

    # cmbuild :: covariance model construction from multiple sequence alignments
    # INFERNAL 1.1.4 (Dec 2020)
    # Copyright (C) 2020 Howard Hughes Medical Institute.
    # Freely distributed under the BSD open source license.
    # - - - - - - - - - - - - - - - - - - - - - - - - - - - - - - - - - - - -
    # CM file:                                            ./tmp2/1a51_motif_3Knotty2.cm
    # alignment file:                                     ./tmp2/1a51_motif_3Knotty2.stockholm
    # overwrite CM file if necessary:                     yes
    # - - - - - - - - - - - - - - - - - - - - - - - - - - - - - - - - - - - -
    #                                                                      rel entropy
    #                                                                      -----------
    # idx    name                     nseq eff_nseq   alen  clen  bps bifs    CM   HMM description
    # ------ -------------------- -------- -------- ------ ----- ---- ---- ----- ----- -----------
           1 1a51_motif_3Knotty2         1     1.00     38    38    3    0 0.586 0.510 
    #
    # CPU time: 0.03u 0.00s 00:00:00.03 Elapsed: 00:00:01.03

[+] Calibrating covariance model (estimated time: 00 h and 01 min)...
    Output from cmcalibrate:

    # cmcalibrate :: fit exponential tails for CM E-values
    # INFERNAL 1.1.4 (Dec 2020)
    # Copyright (C) 2020 Howard Hughes Medical Institute.
    # Freely distributed under the BSD open source license.
    # - - - - - - - - - - - - - - - - - - - - - - - - - - - - - - - - - - - -
    # CM file:                                     ./tmp2/1a51_motif_2Knotty2.cm
    # number of worker threads:                    4 [--cpu]
    # - - - - - - - - - - - - - - - - - - - - - - - - - - - - - - - - - - - -
    #
    # Calibrating CM(s):
    #
    #                        predicted                                                   actual   
    #                       running time              percent complete                running time
    # model name            (hr:min:sec)  [........25........50........75..........]  (hr:min:sec)
    # --------------------  ------------  ------------------------------------------  ------------
      1a51_motif_2Knotty2       00:00:00  [========================================]      00:00:45
    #
    # Calibration summary statistics:
    #
    #                           exponential tail fit mu        exponential tail fit lambda         total number of hits      
    #                       -------------------------------  -------------------------------  -------------------------------
    # model name            glc cyk glc ins loc cyk loc ins  glc cyk glc ins loc cyk loc ins  glc cyk glc ins loc cyk loc ins
    # --------------------  ------- ------- ------- -------  ------- ------- ------- -------  ------- ------- ------- -------
      1a51_motif_2Knotty2      7.88    8.07    6.26    7.01    0.639   0.652   0.652   0.716   301060  267344  414713  353262
    #
    # CPU time: 180.01u 0.20s 00:03:00.20 Elapsed: 00:00:45.55
    [ok]

[+] Searching DB with covariance model... 2499 matches found.
[+] Removing duplicate sequences... 8 matches left.
[+] Writing matches to FASTA file
[+] Aligning matches to covariance model...
    Output from cmalign:

    # cmalign :: align sequences to a CM
    # INFERNAL 1.1.4 (Dec 2020)
    # Copyright (C) 2020 Howard Hughes Medical Institute.
    # Freely distributed under the BSD open source license.
    # - - - - - - - - - - - - - - - - - - - - - - - - - - - - - - - - - - - -
    # CM file:                                     ./tmp2/1a51_motif_2Knotty2.cm
    # sequence file:                               ./tmp2/1a51_motif_2Knotty2.fasta
    # CM name:                                     1a51_motif_2Knotty2
    # saving alignment to file:                    ./tmp2/1a51_motif_2Knotty2.stockholm
    # posterior probability annotation:            off
    # number of worker threads:                    4 [--cpu]
    # - - - - - - - - - - - - - - - - - - - - - - - - - - - - - - - - - - - -
    #                                                                          running time (s)                 
    #                                                                   -------------------------------          
    # idx  seq name  length  cm from    cm to  trunc    bit sc  avg pp  band calc  alignment      total  mem (Mb)
    # ---  --------  ------  -------  -------  -----  --------  ------  ---------  ---------  ---------  --------
        1  CP088529      19        1       19     no     19.85       -       0.00       0.00       0.00      0.04
        2  CP067232      19        1       19     no     17.09       -       0.00       0.00       0.00      0.04
        3  CP001637      19        1       19     no     16.80       -       0.00       0.00       0.00      0.04
        4  CP035322      19        1       19     no     16.95       -       0.00       0.00       0.00      0.04
        5  LM996841      19        1       19     no     17.32       -       0.00       0.00       0.00      0.04
        6  CP035350      19        1       19     no     18.47       -       0.00       0.00       0.00      0.04
        7  LC056568      19        1       19     no     18.33       -       0.00       0.00       0.00      0.04
        8  CP010148      18        1       19     no     11.35       -       0.00       0.00       0.00      0.05
    #
    # CPU time: 0.01u 0.01s 00:00:00.02 Elapsed: 00:00:00.02

[+] Building covariance model (iteration 2)...
    Output from cmbuild:

    # cmbuild :: covariance model construction from multiple sequence alignments
    # INFERNAL 1.1.4 (Dec 2020)
    # Copyright (C) 2020 Howard Hughes Medical Institute.
    # Freely distributed under the BSD open source license.
    # - - - - - - - - - - - - - - - - - - - - - - - - - - - - - - - - - - - -
    # CM file:                                            ./tmp2/1a51_motif_2Knotty2.cm
    # alignment file:                                     ./tmp2/1a51_motif_2Knotty2.stockholm
    # overwrite CM file if necessary:                     yes
    # - - - - - - - - - - - - - - - - - - - - - - - - - - - - - - - - - - - -
    #                                                                      rel entropy
    #                                                                      -----------
    # idx    name                     nseq eff_nseq   alen  clen  bps bifs    CM   HMM description
    # ------ -------------------- -------- -------- ------ ----- ---- ---- ----- ----- -----------
           1 1a51_motif_2Knotty2         8     8.00     19    19    7    0 1.652 1.573 
    #
    # CPU time: 0.02u 0.00s 00:00:00.02 Elapsed: 00:00:00.02

[+] Calibrating covariance model (estimated time: 00 h and 00 min)...
    Output from cmcalibrate:

    # cmcalibrate :: fit exponential tails for CM E-values
    # INFERNAL 1.1.4 (Dec 2020)
    # Copyright (C) 2020 Howard Hughes Medical Institute.
    # Freely distributed under the BSD open source license.
    # - - - - - - - - - - - - - - - - - - - - - - - - - - - - - - - - - - - -
    # CM file:                                     ./tmp2/1a51_motif_2Knotty2.cm
    # number of worker threads:                    4 [--cpu]
    # - - - - - - - - - - - - - - - - - - - - - - - - - - - - - - - - - - - -
    #
    # Calibrating CM(s):
    #
    #                        predicted                                                   actual   
    #                       running time              percent complete                running time
    # model name            (hr:min:sec)  [........25........50........75..........]  (hr:min:sec)
    # --------------------  ------------  ------------------------------------------  ------------
      1a51_motif_2Knotty2       00:00:00  [========================================]      00:00:43
    #
    # Calibration summary statistics:
    #
    #                           exponential tail fit mu        exponential tail fit lambda         total number of hits      
    #                       -------------------------------  -------------------------------  -------------------------------
    # model name            glc cyk glc ins loc cyk loc ins  glc cyk glc ins loc cyk loc ins  glc cyk glc ins loc cyk loc ins
    # --------------------  ------- ------- ------- -------  ------- ------- ------- -------  ------- ------- ------- -------
      1a51_motif_2Knotty2      2.15    2.75    4.64    5.07    0.571   0.567   0.454   0.467   729695  672945  816791  765248
    #
    # CPU time: 171.57u 0.15s 00:02:51.72 Elapsed: 00:00:43.41
    [ok]

[+] Searching DB with covariance model... 2500 matches found.
[+] Removing duplicate sequences... 9 matches left.
[+] Writing matches to FASTA file
[+] Aligning matches to covariance model...
    Output from cmalign:

    # cmalign :: align sequences to a CM
    # INFERNAL 1.1.4 (Dec 2020)
    # Copyright (C) 2020 Howard Hughes Medical Institute.
    # Freely distributed under the BSD open source license.
    # - - - - - - - - - - - - - - - - - - - - - - - - - - - - - - - - - - - -
    # CM file:                                     ./tmp2/1a51_motif_2Knotty2.cm
    # sequence file:                               ./tmp2/1a51_motif_2Knotty2.fasta
    # CM name:                                     1a51_motif_2Knotty2
    # saving alignment to file:                    ./tmp2/1a51_motif_2Knotty2.stockholm
    # posterior probability annotation:            off
    # number of worker threads:                    4 [--cpu]
    # - - - - - - - - - - - - - - - - - - - - - - - - - - - - - - - - - - - -
    #                                                                          running time (s)                 
    #                                                                   -------------------------------          
    # idx  seq name  length  cm from    cm to  trunc    bit sc  avg pp  band calc  alignment      total  mem (Mb)
    # ---  --------  ------  -------  -------  -----  --------  ------  ---------  ---------  ---------  --------
        1  CP031912      19        1       19     no     27.04       -       0.00       0.00       0.00      0.03
        2  CP088677      19        1       19     no     27.36       -       0.00       0.00       0.00      0.03
        3  AP022215      19        1       19     no     27.06       -       0.00       0.00       0.00      0.03
        4  LC056198      19        1       19     no     27.21       -       0.00       0.00       0.00      0.03
        5  LC056538      19        1       19     no     27.05       -       0.00       0.00       0.00      0.03
        6  LM996755      19        1       19     no     27.01       -       0.00       0.00       0.00      0.03
        7  LM996268      18        1       19     no     13.94       -       0.00       0.00       0.00      0.04
        8  LC056568      19        1       19     no     27.20       -       0.00       0.00       0.00      0.03
        9  CP010148      18        1       19     no     23.70       -       0.00       0.00       0.00      0.03
    #
    # CPU time: 0.01u 0.01s 00:00:00.02 Elapsed: 00:00:00.01

[+] Building covariance model (iteration 3)...
    Output from cmbuild:

    # cmbuild :: covariance model construction from multiple sequence alignments
    # INFERNAL 1.1.4 (Dec 2020)
    # Copyright (C) 2020 Howard Hughes Medical Institute.
    # Freely distributed under the BSD open source license.
    # - - - - - - - - - - - - - - - - - - - - - - - - - - - - - - - - - - - -
    # CM file:                                            ./tmp2/1a51_motif_2Knotty2.cm
    # alignment file:                                     ./tmp2/1a51_motif_2Knotty2.stockholm
    # overwrite CM file if necessary:                     yes
    # - - - - - - - - - - - - - - - - - - - - - - - - - - - - - - - - - - - -
    #                                                                      rel entropy
    #                                                                      -----------
    # idx    name                     nseq eff_nseq   alen  clen  bps bifs    CM   HMM description
    # ------ -------------------- -------- -------- ------ ----- ---- ---- ----- ----- -----------
           1 1a51_motif_2Knotty2         9     9.00     19    19    7    0 1.676 1.593 
    #
    # CPU time: 0.02u 0.00s 00:00:00.02 Elapsed: 00:00:00.02

[+] Calibrating covariance model (estimated time: 00 h and 00 min)...
    Output from cmcalibrate:

    # cmcalibrate :: fit exponential tails for CM E-values
    # INFERNAL 1.1.4 (Dec 2020)
    # Copyright (C) 2020 Howard Hughes Medical Institute.
    # Freely distributed under the BSD open source license.
    # - - - - - - - - - - - - - - - - - - - - - - - - - - - - - - - - - - - -
    # CM file:                                     ./tmp2/1a51_motif_3Knotty2.cm
    # number of worker threads:                    4 [--cpu]
    # - - - - - - - - - - - - - - - - - - - - - - - - - - - - - - - - - - - -
    #
    # Calibrating CM(s):
    #
    #                        predicted                                                   actual   
    #                       running time              percent complete                running time
    # model name            (hr:min:sec)  [........25........50........75..........]  (hr:min:sec)
    # --------------------  ------------  ------------------------------------------  ------------
      1a51_motif_3Knotty2       00:01:32  [========================================]      00:01:37
    #
    # Calibration summary statistics:
    #
    #                           exponential tail fit mu        exponential tail fit lambda         total number of hits      
    #                       -------------------------------  -------------------------------  -------------------------------
    # model name            glc cyk glc ins loc cyk loc ins  glc cyk glc ins loc cyk loc ins  glc cyk glc ins loc cyk loc ins
    # --------------------  ------- ------- ------- -------  ------- ------- ------- -------  ------- ------- ------- -------
      1a51_motif_3Knotty2      6.49    7.75    4.61    6.39    0.512   0.595   0.546   0.625   140405  114310  296399  235140
    #
    # CPU time: 384.87u 1.09s 00:06:25.96 Elapsed: 00:01:37.76
    [ok]

[+] Searching DB with covariance model... 2500 matches found.
[+] Removing duplicate sequences... 14 matches left.
[+] Writing matches to FASTA file
[+] Aligning matches to covariance model...
    Output from cmalign:

    # cmalign :: align sequences to a CM
    # INFERNAL 1.1.4 (Dec 2020)
    # Copyright (C) 2020 Howard Hughes Medical Institute.
    # Freely distributed under the BSD open source license.
    # - - - - - - - - - - - - - - - - - - - - - - - - - - - - - - - - - - - -
    # CM file:                                     ./tmp2/1a51_motif_3Knotty2.cm
    # sequence file:                               ./tmp2/1a51_motif_3Knotty2.fasta
    # CM name:                                     1a51_motif_3Knotty2
    # saving alignment to file:                    ./tmp2/1a51_motif_3Knotty2.stockholm
    # posterior probability annotation:            off
    # number of worker threads:                    4 [--cpu]
    # - - - - - - - - - - - - - - - - - - - - - - - - - - - - - - - - - - - -
    #                                                                          running time (s)                 
    #                                                                   -------------------------------          
    # idx  seq name  length  cm from    cm to  trunc    bit sc  avg pp  band calc  alignment      total  mem (Mb)
    # ---  --------  ------  -------  -------  -----  --------  ------  ---------  ---------  ---------  --------
        1  CP058709      38        1       38     no     42.67       -       0.00       0.00       0.00      0.08
        2  CP026939      39        1       38     no     36.19       -       0.00       0.00       0.00      0.09
        3  CP088835      38        1       38     no     40.55       -       0.00       0.00       0.00      0.08
        4  CP068818      39        1       38     no     35.66       -       0.00       0.01       0.01      0.09
        5  CP038353      38        1       38     no     39.91       -       0.00       0.00       0.00      0.08
        6  CP080155      39        1       38     no     35.01       -       0.00       0.00       0.00      0.09
        7  AP019706      38        1       38     no     40.99       -       0.00       0.00       0.00      0.08
        8  LR134247      38        1       38     no     40.52       -       0.00       0.00       0.00      0.08
        9  LM995479      39        1       38     no     34.85       -       0.00       0.00       0.00      0.09
       10  LM996268      38        1       38     no     32.03       -       0.00       0.00       0.00      0.09
       11  CP057262      38        1       38     no     39.87       -       0.00       0.00       0.00      0.09
       12  CP046416      38        1       38     no     39.91       -       0.00       0.00       0.00      0.08
       13  CP010163      38        1       38     no     40.52       -       0.00       0.00       0.00      0.08
       14  LM996456      39        1       38     no     31.04       -       0.00       0.00       0.00      0.09
    #
    # CPU time: 0.04u 0.01s 00:00:00.05 Elapsed: 00:00:00.03

[+] Building covariance model (iteration 2)...
    Output from cmbuild:

    # cmbuild :: covariance model construction from multiple sequence alignments
    # INFERNAL 1.1.4 (Dec 2020)
    # Copyright (C) 2020 Howard Hughes Medical Institute.
    # Freely distributed under the BSD open source license.
    # - - - - - - - - - - - - - - - - - - - - - - - - - - - - - - - - - - - -
    # CM file:                                            ./tmp2/1a51_motif_3Knotty2.cm
    # alignment file:                                     ./tmp2/1a51_motif_3Knotty2.stockholm
    # overwrite CM file if necessary:                     yes
    # - - - - - - - - - - - - - - - - - - - - - - - - - - - - - - - - - - - -
    #                                                                      rel entropy
    #                                                                      -----------
    # idx    name                     nseq eff_nseq   alen  clen  bps bifs    CM   HMM description
    # ------ -------------------- -------- -------- ------ ----- ---- ---- ----- ----- -----------
           1 1a51_motif_3Knotty2        14     5.55     42    38    3    0 1.435 1.409 
    #
    # CPU time: 0.07u 0.01s 00:00:00.08 Elapsed: 00:00:00.08

[+] Calibrating covariance model (estimated time: 00 h and 01 min)...
    Output from cmcalibrate:

    # cmcalibrate :: fit exponential tails for CM E-values
    # INFERNAL 1.1.4 (Dec 2020)
    # Copyright (C) 2020 Howard Hughes Medical Institute.
    # Freely distributed under the BSD open source license.
    # - - - - - - - - - - - - - - - - - - - - - - - - - - - - - - - - - - - -
    # CM file:                                     ./tmp2/1a51_motif_2Knotty2.cm
    # number of worker threads:                    4 [--cpu]
    # - - - - - - - - - - - - - - - - - - - - - - - - - - - - - - - - - - - -
    #
    # Calibrating CM(s):
    #
    #                        predicted                                                   actual   
    #                       running time              percent complete                running time
    # model name            (hr:min:sec)  [........25........50........75..........]  (hr:min:sec)
    # --------------------  ------------  ------------------------------------------  ------------
      1a51_motif_2Knotty2       00:00:00  [========================================]      00:00:42
    #
    # Calibration summary statistics:
    #
    #                           exponential tail fit mu        exponential tail fit lambda         total number of hits      
    #                       -------------------------------  -------------------------------  -------------------------------
    # model name            glc cyk glc ins loc cyk loc ins  glc cyk glc ins loc cyk loc ins  glc cyk glc ins loc cyk loc ins
    # --------------------  ------- ------- ------- -------  ------- ------- ------- -------  ------- ------- ------- -------
      1a51_motif_2Knotty2      2.41    2.99    4.55    5.21    0.535   0.517   0.439   0.496   742347  687156  822904  776243
    #
    # CPU time: 169.36u 0.18s 00:02:49.54 Elapsed: 00:00:43.03
    [ok]

[+] Searching DB with covariance model... 2500 matches found.
[+] Removing duplicate sequences... 9 matches left.
[+] Writing matches to FASTA file
[+] Aligning matches to covariance model...
    Output from cmalign:

    # cmalign :: align sequences to a CM
    # INFERNAL 1.1.4 (Dec 2020)
    # Copyright (C) 2020 Howard Hughes Medical Institute.
    # Freely distributed under the BSD open source license.
    # - - - - - - - - - - - - - - - - - - - - - - - - - - - - - - - - - - - -
    # CM file:                                     ./tmp2/1a51_motif_2Knotty2.cm
    # sequence file:                               ./tmp2/1a51_motif_2Knotty2.fasta
    # CM name:                                     1a51_motif_2Knotty2
    # saving alignment to file:                    ./tmp2/1a51_motif_2Knotty2.stockholm
    # posterior probability annotation:            off
    # number of worker threads:                    4 [--cpu]
    # - - - - - - - - - - - - - - - - - - - - - - - - - - - - - - - - - - - -
    #                                                                          running time (s)                 
    #                                                                   -------------------------------          
    # idx  seq name  length  cm from    cm to  trunc    bit sc  avg pp  band calc  alignment      total  mem (Mb)
    # ---  --------  ------  -------  -------  -----  --------  ------  ---------  ---------  ---------  --------
        1  CP063956      19        1       19     no     27.30       -       0.00       0.00       0.00      0.03
        2  LM996084      19        1       19     no     27.35       -       0.00       0.00       0.00      0.03
        3  CP024293      19        1       19     no     26.99       -       0.00       0.00       0.00      0.03
        4  LM996268      18        1       19     no     20.36       -       0.00       0.00       0.00      0.03
        5  LC056198      19        1       19     no     27.14       -       0.00       0.00       0.00      0.03
        6  LM996755      19        1       19     no     26.98       -       0.00       0.00       0.00      0.03
        7  LC056538      19        1       19     no     27.17       -       0.00       0.00       0.00      0.03
        8  CP010148      18        1       19     no     23.59       -       0.00       0.00       0.00      0.03
        9  LC056568      19        1       19     no     27.32       -       0.00       0.00       0.00      0.03
    #
    # CPU time: 0.01u 0.01s 00:00:00.02 Elapsed: 00:00:00.03

[+] Building final covariance model...
    Output from cmbuild:

    # cmbuild :: covariance model construction from multiple sequence alignments
    # INFERNAL 1.1.4 (Dec 2020)
    # Copyright (C) 2020 Howard Hughes Medical Institute.
    # Freely distributed under the BSD open source license.
    # - - - - - - - - - - - - - - - - - - - - - - - - - - - - - - - - - - - -
    # CM file:                                            ./1a51_motif_2Knotty2.cm
    # alignment file:                                     ./tmp2/1a51_motif_2Knotty2.stockholm
    # overwrite CM file if necessary:                     yes
    # - - - - - - - - - - - - - - - - - - - - - - - - - - - - - - - - - - - -
    #                                                                      rel entropy
    #                                                                      -----------
    # idx    name                     nseq eff_nseq   alen  clen  bps bifs    CM   HMM description
    # ------ -------------------- -------- -------- ------ ----- ---- ---- ----- ----- -----------
           1 1a51_motif_2Knotty2         9     9.00     19    19    7    0 1.676 1.593 
    #
    # CPU time: 0.02u 0.00s 00:00:00.02 Elapsed: 00:00:00.20

[+] Calibrating final covariance model (may take a while)...
    Output from cmcalibrate:

    # cmcalibrate :: fit exponential tails for CM E-values
    # INFERNAL 1.1.4 (Dec 2020)
    # Copyright (C) 2020 Howard Hughes Medical Institute.
    # Freely distributed under the BSD open source license.
    # - - - - - - - - - - - - - - - - - - - - - - - - - - - - - - - - - - - -
    # CM file:                                     ./1a51_motif_2Knotty2.cm
    # number of worker threads:                    4 [--cpu]
    # - - - - - - - - - - - - - - - - - - - - - - - - - - - - - - - - - - - -
    #
    # Calibrating CM(s):
    #
    #                        predicted                                                   actual   
    #                       running time              percent complete                running time
    # model name            (hr:min:sec)  [........25........50........75..........]  (hr:min:sec)
    # --------------------  ------------  ------------------------------------------  ------------
      1a51_motif_2Knotty2       00:00:43  [========================================]      00:00:44
    #
    # Calibration summary statistics:
    #
    #                           exponential tail fit mu        exponential tail fit lambda         total number of hits      
    #                       -------------------------------  -------------------------------  -------------------------------
    # model name            glc cyk glc ins loc cyk loc ins  glc cyk glc ins loc cyk loc ins  glc cyk glc ins loc cyk loc ins
    # --------------------  ------- ------- ------- -------  ------- ------- ------- -------  ------- ------- ------- -------
      1a51_motif_2Knotty2      2.41    2.99    4.55    5.21    0.535   0.517   0.439   0.496   742347  687156  822904  776243
    #
    # CPU time: 174.33u 0.18s 00:02:54.51 Elapsed: 00:00:44.32
    [ok]

[+] Cleaning up...
[+] All done.

