: /lustre/hdd/LAS/BioDatabase/ncbi/blast-db/latest
BLAST Database error: No alias or index file found for nucleotide database [nt] in search path [/lustre/hdd/LAS/wmoss-lab/ecoppen/benchmarks/cobretti_nova/Cobretti/test::]
