Lmod Warning:
-------------------------------------------------------------------------------
The following dependent module(s) are not currently loaded: bzip2/1.0.8-xhz3vd5
(required by: libarchive/3.7.1-av33zlp), expat/2.6.2-bxff6pz (required by:
libsolv/0.7.22-nzuikjy), libiconv/1.17-dba3bla (required by:
libunistring/1.1-4q4hauj, libarchive/3.7.1-av33zlp), libxml2/2.10.3-t6x3p3p
(required by: libarchive/3.7.1-av33zlp), openssl/3.2.1-wohkbfi (required by:
curl/8.7.1-xykwlsf, micromamba/1.4.2-lcemqbe), xz/5.4.6-ss2bz2e (required by:
libarchive/3.7.1-av33zlp), zlib-ng/2.1.6-nf73pqi (required by:
curl/8.7.1-xykwlsf, libarchive/3.7.1-av33zlp, libreproc/14.2.4-rkug3ae,
libsolv/0.7.22-nzuikjy), zstd/1.5.6-6vi24ys (required by:
libarchive/3.7.1-av33zlp, micromamba/1.4.2-lcemqbe)
-------------------------------------------------------------------------------




The following have been reloaded with a version change:
  1) bzip2/1.0.8-xhz3vd5 => bzip2/1.0.8-jxv7h7d
  2) expat/2.6.2-bxff6pz => expat/2.6.3-73vqnat
  3) libbsd/0.12.1-zda63xq => libbsd/0.12.2-vn3dd6q
  4) libiconv/1.17-dba3bla => libiconv/1.17-pdnbqbs
  5) libmd/1.0.4-epwugc7 => libmd/1.0.4-dwc5q6s
  6) libxml2/2.10.3-t6x3p3p => libxml2/2.10.3-6ujajfv
  7) openssl/3.2.1-wohkbfi => openssl/3.3.1-5v6rl3q
  8) xz/5.4.6-ss2bz2e => xz/5.4.6-xbpkfgh
  9) zlib-ng/2.1.6-nf73pqi => zlib-ng/2.2.1-4rxbcvx
 10) zstd/1.5.6-6vi24ys => zstd/1.5.6-qfc7cs2

Lmod Warning:
-------------------------------------------------------------------------------
The following dependent module(s) are not currently loaded: bzip2/1.0.8-xhz3vd5
(required by: libarchive/3.7.1-av33zlp), expat/2.6.2-bxff6pz (required by:
libsolv/0.7.22-nzuikjy), libiconv/1.17-dba3bla (required by:
libunistring/1.1-4q4hauj, libarchive/3.7.1-av33zlp), libxml2/2.10.3-t6x3p3p
(required by: libarchive/3.7.1-av33zlp), openssl/3.2.1-wohkbfi (required by:
curl/8.7.1-xykwlsf, micromamba/1.4.2-lcemqbe), xz/5.4.6-ss2bz2e (required by:
libarchive/3.7.1-av33zlp), zlib-ng/2.1.6-nf73pqi (required by:
curl/8.7.1-xykwlsf, libarchive/3.7.1-av33zlp, libreproc/14.2.4-rkug3ae,
libsolv/0.7.22-nzuikjy), zstd/1.5.6-6vi24ys (required by:
libarchive/3.7.1-av33zlp, micromamba/1.4.2-lcemqbe)
-------------------------------------------------------------------------------



2025-04-14 14:45:31,394 INFO 1202573: Cobretti stage 1A run in progress...
2025-04-14 14:45:31,394 INFO 1202573: Preparing sequence files...
2025-04-14 14:45:31,400 INFO 1202573: Running ScanFold 2.0...
Submitted batch job 6254382
2025-04-14 14:45:32,421 INFO 1202573: Running BLAST...
Submitted batch job 6254383
2025-04-14 14:45:32,497 INFO 1202573: Cobretti run completed successfully!
