2025-04-10 14:21:57.374951: W tensorflow/stream_executor/platform/default/dso_loader.cc:64] Could not load dynamic library 'libcudart.so.11.0'; dlerror: libcudart.so.11.0: cannot open shared object file: No such file or directory; LD_LIBRARY_PATH: /opt/rit/el9/20240413/app/linux-rhel9-x86_64_v3/gcc-11.3.1/micromamba-1.4.2-lcemqbetrry5tmxx3oygtoc3apv2af7e/lib64:/opt/rit/el9/20240413/app/linux-rhel9-x86_64_v3/gcc-11.3.1/yaml-cpp-0.7.0-vpuuz5a7s2tmb7m6fflyrlraw4qjfpk6/lib64:/opt/rit/el9/20240413/app/linux-rhel9-x86_64_v3/gcc-11.3.1/spdlog-1.11.0-63ybqjm74ebwytkxsqntph22f3brlfcq/lib64:/opt/rit/el9/20240413/app/linux-rhel9-x86_64_v3/gcc-11.3.1/libsolv-0.7.22-nzuikjyhznm3mqotjqbpe32eep65ty3l/lib64:/opt/rit/el9/20240413/app/linux-rhel9-x86_64_v3/gcc-11.3.1/expat-2.6.2-bxff6pzsx33vwtahecnmoiapdi7b5uit/lib:/opt/rit/el9/20240413/app/linux-rhel9-x86_64_v3/gcc-11.3.1/libbsd-0.12.1-zda63xqdd44xaj25qkutl7bzdpktlvqt/lib:/opt/rit/el9/20240413/app/linux-rhel9-x86_64_v3/gcc-11.3.1/libmd-1.0.4-epwugc7huodhr2dsjozg4bxbgqafnpit/lib:/opt/rit/el9/20240413/app/linux-rhel9-x86_64_v3/gcc-11.3.1/libreproc-14.2.4-rkug3aeg7kzag2cy7n3t6kfuvzoai6xa/lib64:/opt/rit/el9/20240413/app/linux-rhel9-x86_64_v3/gcc-11.3.1/libarchive-3.7.1-av33zlpwj4erkwilnr5bb6hzy4p4eybt/lib:/opt/rit/el9/20240413/app/linux-rhel9-x86_64_v3/gcc-11.3.1/zstd-1.5.6-6vi24yssydxjkj65wsaaqkdx6wqemhgd/lib64:/opt/rit/el9/20240413/app/linux-rhel9-x86_64_v3/gcc-11.3.1/mbedtls-2.28.2-erwfm4mop2vwt4xzixzw7oyzv7khvnzx/lib:/opt/rit/el9/20240413/app/linux-rhel9-x86_64_v3/gcc-11.3.1/lzo-2.10-nrykxw6jgrqyheft6dj7qijizsacyjwp/lib:/opt/rit/el9/20240413/app/linux-rhel9-x86_64_v3/gcc-11.3.1/lz4-1.9.4-242dtrdek26k23syxu77ipvrmfrm6zeo/lib:/opt/rit/el9/20240413/app/linux-rhel9-x86_64_v3/gcc-11.3.1/libxml2-2.10.3-t6x3p3pt3vjxz7pkasoj5ykw6z6wbdnc/lib:/opt/rit/el9/20240413/app/linux-rhel9-x86_64_v3/gcc-11.3.1/xz-5.4.6-ss2bz2edk7x2fkhrwwb5g7kcja45hsfw/lib:/opt/rit/el9/20240413/app/linux-rhel9-x86_64_v3/gcc-11.3.1/bzip2-1.0.8-xhz3vd56earpum37yalkzffhjpomtxnl/lib:/opt/rit/el9/20240413/app/linux-rhel9-x86_64_v3/gcc-11.3.1/fmt-9.1.0-wj3pmd74u6xglis46xfxhsdz5lm7saii/lib64:/opt/rit/el9/20240413/app/linux-rhel9-x86_64_v3/gcc-11.3.1/curl-8.7.1-xykwlsf6ymek77rion45jwieuw4wwexj/lib:/opt/rit/el9/20240413/app/linux-rhel9-x86_64_v3/gcc-11.3.1/openssl-3.2.1-wohkbfidaabljx2q33mbpnncmtndh4ub/lib64:/opt/rit/el9/20240413/app/linux-rhel9-x86_64_v3/gcc-11.3.1/zlib-ng-2.1.6-nf73pqiyyyuzwzl3w52vvytnevfvgyss/lib:/opt/rit/el9/20240413/app/linux-rhel9-x86_64_v3/gcc-11.3.1/nghttp2-1.57.0-tuehk6u6jynm7blyqdhr7q3a6hglcxso/lib:/opt/rit/el9/20240413/app/linux-rhel9-x86_64_v3/gcc-11.3.1/libidn2-2.3.4-4hnvlnbutw25rllrd5qat56yj6vysmmc/lib:/opt/rit/el9/20240413/app/linux-rhel9-x86_64_v3/gcc-11.3.1/libunistring-1.1-4q4haujyyygw7uwckbqumsznfn7btwmt/lib:/opt/rit/el9/20240413/app/linux-rhel9-x86_64_v3/gcc-11.3.1/libiconv-1.17-dba3blakiakqazgkw44ntr3dh25p73dq/lib:/opt/rit/el9/20240413/app/linux-rhel9-x86_64_v3/gcc-11.3.1/cpp-termcolor-2.0.0-3js2qoa6bpxy3xlwciqvhtzxlxioo2iu/lib:/opt/rit/el9/20240413/app/linux-rhel9-x86_64_v3/gcc-11.3.1/gcc-runtime-11.3.1-lnx5tifv6svhgnhs4ylsdbbqnv2o2vro/lib
2025-04-10 14:21:57.375004: I tensorflow/stream_executor/cuda/cudart_stub.cc:29] Ignore above cudart dlerror if you do not have a GPU set up on your machine.
04/10/2025 02:22:03 PM: 
Making output folder named:1a51
2025-04-10 14:22:04.680501: W tensorflow/stream_executor/platform/default/dso_loader.cc:64] Could not load dynamic library 'libcuda.so.1'; dlerror: libcuda.so.1: cannot open shared object file: No such file or directory; LD_LIBRARY_PATH: /opt/rit/el9/20240413/app/linux-rhel9-x86_64_v3/gcc-11.3.1/micromamba-1.4.2-lcemqbetrry5tmxx3oygtoc3apv2af7e/lib64:/opt/rit/el9/20240413/app/linux-rhel9-x86_64_v3/gcc-11.3.1/yaml-cpp-0.7.0-vpuuz5a7s2tmb7m6fflyrlraw4qjfpk6/lib64:/opt/rit/el9/20240413/app/linux-rhel9-x86_64_v3/gcc-11.3.1/spdlog-1.11.0-63ybqjm74ebwytkxsqntph22f3brlfcq/lib64:/opt/rit/el9/20240413/app/linux-rhel9-x86_64_v3/gcc-11.3.1/libsolv-0.7.22-nzuikjyhznm3mqotjqbpe32eep65ty3l/lib64:/opt/rit/el9/20240413/app/linux-rhel9-x86_64_v3/gcc-11.3.1/expat-2.6.2-bxff6pzsx33vwtahecnmoiapdi7b5uit/lib:/opt/rit/el9/20240413/app/linux-rhel9-x86_64_v3/gcc-11.3.1/libbsd-0.12.1-zda63xqdd44xaj25qkutl7bzdpktlvqt/lib:/opt/rit/el9/20240413/app/linux-rhel9-x86_64_v3/gcc-11.3.1/libmd-1.0.4-epwugc7huodhr2dsjozg4bxbgqafnpit/lib:/opt/rit/el9/20240413/app/linux-rhel9-x86_64_v3/gcc-11.3.1/libreproc-14.2.4-rkug3aeg7kzag2cy7n3t6kfuvzoai6xa/lib64:/opt/rit/el9/20240413/app/linux-rhel9-x86_64_v3/gcc-11.3.1/libarchive-3.7.1-av33zlpwj4erkwilnr5bb6hzy4p4eybt/lib:/opt/rit/el9/20240413/app/linux-rhel9-x86_64_v3/gcc-11.3.1/zstd-1.5.6-6vi24yssydxjkj65wsaaqkdx6wqemhgd/lib64:/opt/rit/el9/20240413/app/linux-rhel9-x86_64_v3/gcc-11.3.1/mbedtls-2.28.2-erwfm4mop2vwt4xzixzw7oyzv7khvnzx/lib:/opt/rit/el9/20240413/app/linux-rhel9-x86_64_v3/gcc-11.3.1/lzo-2.10-nrykxw6jgrqyheft6dj7qijizsacyjwp/lib:/opt/rit/el9/20240413/app/linux-rhel9-x86_64_v3/gcc-11.3.1/lz4-1.9.4-242dtrdek26k23syxu77ipvrmfrm6zeo/lib:/opt/rit/el9/20240413/app/linux-rhel9-x86_64_v3/gcc-11.3.1/libxml2-2.10.3-t6x3p3pt3vjxz7pkasoj5ykw6z6wbdnc/lib:/opt/rit/el9/20240413/app/linux-rhel9-x86_64_v3/gcc-11.3.1/xz-5.4.6-ss2bz2edk7x2fkhrwwb5g7kcja45hsfw/lib:/opt/rit/el9/20240413/app/linux-rhel9-x86_64_v3/gcc-11.3.1/bzip2-1.0.8-xhz3vd56earpum37yalkzffhjpomtxnl/lib:/opt/rit/el9/20240413/app/linux-rhel9-x86_64_v3/gcc-11.3.1/fmt-9.1.0-wj3pmd74u6xglis46xfxhsdz5lm7saii/lib64:/opt/rit/el9/20240413/app/linux-rhel9-x86_64_v3/gcc-11.3.1/curl-8.7.1-xykwlsf6ymek77rion45jwieuw4wwexj/lib:/opt/rit/el9/20240413/app/linux-rhel9-x86_64_v3/gcc-11.3.1/openssl-3.2.1-wohkbfidaabljx2q33mbpnncmtndh4ub/lib64:/opt/rit/el9/20240413/app/linux-rhel9-x86_64_v3/gcc-11.3.1/zlib-ng-2.1.6-nf73pqiyyyuzwzl3w52vvytnevfvgyss/lib:/opt/rit/el9/20240413/app/linux-rhel9-x86_64_v3/gcc-11.3.1/nghttp2-1.57.0-tuehk6u6jynm7blyqdhr7q3a6hglcxso/lib:/opt/rit/el9/20240413/app/linux-rhel9-x86_64_v3/gcc-11.3.1/libidn2-2.3.4-4hnvlnbutw25rllrd5qat56yj6vysmmc/lib:/opt/rit/el9/20240413/app/linux-rhel9-x86_64_v3/gcc-11.3.1/libunistring-1.1-4q4haujyyygw7uwckbqumsznfn7btwmt/lib:/opt/rit/el9/20240413/app/linux-rhel9-x86_64_v3/gcc-11.3.1/libiconv-1.17-dba3blakiakqazgkw44ntr3dh25p73dq/lib:/opt/rit/el9/20240413/app/linux-rhel9-x86_64_v3/gcc-11.3.1/cpp-termcolor-2.0.0-3js2qoa6bpxy3xlwciqvhtzxlxioo2iu/lib:/opt/rit/el9/20240413/app/linux-rhel9-x86_64_v3/gcc-11.3.1/gcc-runtime-11.3.1-lnx5tifv6svhgnhs4ylsdbbqnv2o2vro/lib
2025-04-10 14:22:04.681337: W tensorflow/stream_executor/cuda/cuda_driver.cc:269] failed call to cuInit: UNKNOWN ERROR (303)
2025-04-10 14:22:04.681374: I tensorflow/stream_executor/cuda/cuda_diagnostics.cc:156] kernel driver does not appear to be running on this host (nova18-9): /proc/driver/nvidia/version does not exist
2025-04-10 14:22:04.682875: I tensorflow/core/platform/cpu_feature_guard.cc:142] This TensorFlow binary is optimized with oneAPI Deep Neural Network Library (oneDNN) to use the following CPU instructions in performance-critical operations:  AVX2 AVX512F FMA
To enable them in other operations, rebuild TensorFlow with the appropriate compiler flags.
2025-04-10 14:22:30.743527: I tensorflow/compiler/mlir/mlir_graph_optimization_pass.cc:185] None of the MLIR Optimization Passes are enabled (registered 2)
04/10/2025 02:22:31 PM: ScanFold-Scan complete. Elapsed time: 27.5s
['./1a51.win_120.stp_1.tsv']
04/10/2025 02:22:31 PM: Putting output in folder named:1a51
04/10/2025 02:22:31 PM: Sequence length: 1000nt
04/10/2025 02:22:31 PM: Reading sequence and structures...
04/10/2025 02:22:31 PM: Elapsed time: 0.66s
04/10/2025 02:22:31 PM: Determining best base pairs...
04/10/2025 02:22:33 PM: Elapsed time: 2.0s
04/10/2025 02:22:33 PM: Detecting competing pairs...
04/10/2025 02:22:45 PM: Trying to write CT files with -c option
04/10/2025 02:22:45 PM: Elapsed time: 14.41s
04/10/2025 02:22:45 PM: Writing CT files
04/10/2025 02:22:45 PM: ScanFold-Fold analysis complete! Refresh page to ensure proper loading of IGV
04/10/2025 02:22:45 PM: Refolding full sequence using ScanFold results as constraints...
04/10/2025 02:22:45 PM: Elapsed time: 14.51s
04/10/2025 02:22:47 PM: Extracting structures
04/10/2025 02:22:48 PM: Total runtime: 17.67s
04/10/2025 02:22:48 PM: ScanFold-Fold analysis complete! Output found in folder named: 1a51
