Lmod has detected the following error: The following module(s) are unknown:
"py-biopython/1.70-py3-wos466g"

Please check the spelling or version number. Also try "module spider ..."
It is also possible your cache file is out-of-date; it may help to try:
  $ module --ignore_cache load "py-biopython/1.70-py3-wos466g"

Also make sure that all modulefiles written in TCL start with the string
#%Module



Lmod has detected the following error: The following module(s) are unknown:
"python/3.6.5-fwk5uaj"

Please check the spelling or version number. Also try "module spider ..."
It is also possible your cache file is out-of-date; it may help to try:
  $ module --ignore_cache load "python/3.6.5-fwk5uaj"

Also make sure that all modulefiles written in TCL start with the string
#%Module



python: can't open file '/lustre/hdd/LAS/wmoss-lab/ecoppen/benchmarks/cobretti_nova/Cobretti/test/cobretti.py': [Errno 2] No such file or directory
