flatpak: symbol lookup error: /lib64/libldap.so.2: undefined symbol: EVP_md2, version OPENSSL_3.0.0
Lmod Warning:
-------------------------------------------------------------------------------
The following dependent module(s) are not currently loaded:
libxml2/2.10.3-6ujajfv (required by: cuda/12.4.1-cz3ljd3),
python/3.11.9-hr34hmq (required by: python-venv/1.0-py311-feweu7f,
py-setuptools/63.4.3-py311-rtpqtuw, py-numpy/1.24.4-py311-eihztow,
py-biopython/1.81-py311-xigmold), zlib-ng/2.2.1-4rxbcvx (required by:
gcc/14.2.0-cuda12-vx6uhdf), zstd/1.5.6-qfc7cs2 (required by:
gcc/14.2.0-cuda12-vx6uhdf)
-------------------------------------------------------------------------------




The following have been reloaded with a version change:
  1) bzip2/1.0.8-jxv7h7d => bzip2/1.0.8-xhz3vd5
  2) expat/2.6.3-73vqnat => expat/2.6.2-bxff6pz
  3) font-util/1.4.1-svoiruj => font-util/1.4.0-zkz7yql
  4) fontconfig/2.13.1-w4mhcb2 => fontconfig/2.13.1-txdjpxw
  5) freetype/2.13.2-j7ncfnw => freetype/2.13.2-koj3sd4
  6) gdbm/1.23-exqbrui => gdbm/1.23-6h24ou6
  7) gettext/0.22.5-zik5ihu => gettext/0.22.4-koftuxm
  8) kbproto/1.0.7-krserx6 => kbproto/1.0.7-ylg5cbu
  9) libbsd/0.12.2-vn3dd6q => libbsd/0.12.1-zda63xq
 10) libffi/3.4.6-bdwq7ei => libffi/3.4.6-sbyxvhc
 11) libiconv/1.17-pdnbqbs => libiconv/1.17-dba3bla
 12) libmd/1.0.4-dwc5q6s => libmd/1.0.4-epwugc7
 13) libpng/1.6.39-x76ygkc => libpng/1.6.39-j4sjt4o
 14) libpthread-stubs/0.5-zs34hic => libpthread-stubs/0.5-tmlwepo
 15) libx11/1.8.10-f5xe25e => libx11/1.8.7-b7sjxcs
 16) libxau/1.0.11-uom6kqp => libxau/1.0.11-4rxwhaj
 17) libxcb/1.17.0-ah6xdgr => libxcb/1.16-xqock27
 18) libxcrypt/4.4.35-x6xdydt => libxcrypt/4.4.35-zja4526
 19) libxdmcp/1.1.5-5hzflqv => libxdmcp/1.1.4-nzhcdvx
 20) libxext/1.3.6-joxe6ey => libxext/1.3.5-zwmhhxf
 21) libxft/2.3.8-u5y2kxs => libxft/2.3.8-gyujdo3
 22) libxml2/2.10.3-6ujajfv => libxml2/2.10.3-t6x3p3p
 23) libxrender/0.9.11-2yzlhqg => libxrender/0.9.11-ckfjm2i
 24) libxscrnsaver/1.2.4-ta6gj4w => libxscrnsaver/1.2.4-yb6ge6o
 25) ncurses/6.5-55fd2mx => ncurses/6.4-6o67umv
 26) openssl/3.3.1-5v6rl3q => openssl/3.2.1-wohkbfi
 27) pigz/2.8-edkwki4 => pigz/2.8-vt5ps6w
 28) python/3.11.9-hr34hmq => python/3.11.7-uyooqcy
 29) readline/8.2-g32sjp4 => readline/8.2-x2jj77v
 30) renderproto/0.11.1-tehznoy => renderproto/0.11.1-qvd4ion
 31) scrnsaverproto/1.2.2-5h3xmw5 => scrnsaverproto/1.2.2-vb23hmf
 32) sqlite/3.46.0-ygro466 => sqlite/3.43.2-qhkje4l
 33) tar/1.34-dimfnd7 => tar/1.34-cxa4vai
 34) tcl/8.6.12-coiobuv => tcl/8.6.12-q4we4ug
 35) tk/8.6.11-wgy3erk => tk/8.6.11-fj4oxzk
 36) util-linux-uuid/2.40.2-wmag5dy => util-linux-uuid/2.38.1-sbo5bsn
 37) xextproto/7.3.0-guqxona => xextproto/7.3.0-kqz6mtr
 38) xproto/7.0.31-etvyw54 => xproto/7.0.31-pt2lmmk
 39) xtrans/1.5.0-d4mg6ye => xtrans/1.5.0-ersltm7
 40) xz/5.4.6-xbpkfgh => xz/5.4.6-ss2bz2e
 41) zlib-ng/2.2.1-4rxbcvx => zlib-ng/2.1.6-nf73pqi
 42) zstd/1.5.6-qfc7cs2 => zstd/1.5.6-focyozj

Lmod Warning:
-------------------------------------------------------------------------------
The following dependent module(s) are not currently loaded:
cairo/1.16.0-py311-z3vp34e (required by: librsvg/2.56.2-py311-6cvnsym,
gtkplus/3.24.41-py311-pjlgdf7), expat/2.6.2-bxff6pz (required by:
dbus/1.13.6-py311-5hdpb42, mesa/23.2.1-py311-4c5q7ji), freetype/2.13.2-koj3sd4
(required by: ghostscript/10.0.0-py311-dkdmunu), fribidi/1.0.12-33b5zpb
(required by: gtkplus/3.24.41-py311-pjlgdf7), gettext/0.22.4-koftuxm (required
by: at-spi2-core/2.51.91-py311-merf2ni, atk/2.38.0-py311-cqc5h6c,
gdk-pixbuf/2.42.10-py311-pjsbbbr, gtkplus/3.24.41-py311-pjlgdf7,
krb5/1.20.1-ank4kyd), glib/2.78.3-py311-p36zoni (required by:
dbus/1.13.6-py311-5hdpb42, at-spi2-core/2.51.91-py311-merf2ni,
atk/2.38.0-py311-cqc5h6c, shared-mime-info/1.10-py311-ku66ch6,
gdk-pixbuf/2.42.10-py311-pjsbbbr, librsvg/2.56.2-py311-6cvnsym,
gtkplus/3.24.41-py311-pjlgdf7), gobject-introspection/1.78.1-py311-3hyu4ys
(required by: at-spi2-core/2.51.91-py311-merf2ni, atk/2.38.0-py311-cqc5h6c,
gdk-pixbuf/2.42.10-py311-pjsbbbr, gtkplus/3.24.41-py311-pjlgdf7),
harfbuzz/8.3.0-py311-z7qq36p (required by: librsvg/2.56.2-py311-6cvnsym),
kbproto/1.0.7-ylg5cbu (required by: libxt/1.3.0-rg7yo3v), libbsd/0.12.1-zda63xq
(required by: libice/1.1.1-nktb3ai), libffi/3.4.6-sbyxvhc (required by:
atk/2.38.0-py311-cqc5h6c, librsvg/2.56.2-py311-6cvnsym),
libjpeg-turbo/3.0.0-ucht777 (required by: gdk-pixbuf/2.42.10-py311-pjsbbbr,
lcms/2.13.1-vq6laiz, ghostscript/10.0.0-py311-dkdmunu), libpng/1.6.39-j4sjt4o
(required by: gdk-pixbuf/2.42.10-py311-pjsbbbr,
ghostscript/10.0.0-py311-dkdmunu), libtiff/4.5.1-tx4jcif (required by:
lcms/2.13.1-vq6laiz, ghostscript/10.0.0-py311-dkdmunu), libx11/1.8.7-b7sjxcs
(required by: libxfixes/5.0.3-aj6jcra, libxi/1.7.10-tgfvcgn,
libxtst/1.2.4-g35jdpt, at-spi2-core/2.51.91-py311-merf2ni, libxt/1.3.0-rg7yo3v,
libxrandr/1.5.4-jut3sdy, xrandr/1.5.2-6umt5l4, mesa/23.2.1-py311-4c5q7ji,
libepoxy/1.4.3-py311-i6beedo), libxcb/1.16-xqock27 (required by:
mesa/23.2.1-py311-4c5q7ji, libxkbcommon/1.5.0-py311-scfjiyu),
libxext/1.3.5-zwmhhxf (required by: libxi/1.7.10-tgfvcgn,
libxtst/1.2.4-g35jdpt, libxrandr/1.5.4-jut3sdy, mesa/23.2.1-py311-4c5q7ji,
ghostscript/10.0.0-py311-dkdmunu), libxml2/2.10.3-t6x3p3p (required by:
shared-mime-info/1.10-py311-ku66ch6, librsvg/2.56.2-py311-6cvnsym,
libxkbcommon/1.5.0-py311-scfjiyu), libxrender/0.9.11-ckfjm2i (required by:
libxrandr/1.5.4-jut3sdy, xrandr/1.5.2-6umt5l4), openssl/3.2.1-wohkbfi (required
by: krb5/1.20.1-ank4kyd), pango/1.50.13-py311-t2ogpeq (required by:
librsvg/2.56.2-py311-6cvnsym, gtkplus/3.24.41-py311-pjlgdf7),
renderproto/0.11.1-qvd4ion (required by: libxrandr/1.5.4-jut3sdy),
util-linux-uuid/2.38.1-sbo5bsn (required by: libsm/1.2.4-uuec5vy),
xextproto/7.3.0-kqz6mtr (required by: libxfixes/5.0.3-aj6jcra,
libxi/1.7.10-tgfvcgn, libxtst/1.2.4-g35jdpt, libxrandr/1.5.4-jut3sdy),
xproto/7.0.31-pt2lmmk (required by: libice/1.1.1-nktb3ai, libsm/1.2.4-uuec5vy,
libxfixes/5.0.3-aj6jcra, libxi/1.7.10-tgfvcgn, libxt/1.3.0-rg7yo3v,
xrandr/1.5.2-6umt5l4), xtrans/1.5.0-ersltm7 (required by: libice/1.1.1-nktb3ai,
libsm/1.2.4-uuec5vy), zlib-ng/2.1.6-nf73pqi (required by:
gdk-pixbuf/2.42.10-py311-pjsbbbr, mesa/23.2.1-py311-4c5q7ji,
lcms/2.13.1-vq6laiz, ghostscript/10.0.0-py311-dkdmunu)
-------------------------------------------------------------------------------




The following have been reloaded with a version change:
  1) berkeley-db/18.1.40-2ijhhvj => berkeley-db/18.1.40-zfcwoxv
  2) bzip2/1.0.8-xhz3vd5 => bzip2/1.0.8-jxv7h7d
  3) cairo/1.16.0-py311-z3vp34e => cairo/1.16.0-py311-tmqavbt
  4) elfutils/0.190-nsg2uvf => elfutils/0.191-7mxmhwy
  5) expat/2.6.2-bxff6pz => expat/2.6.3-73vqnat
  6) font-util/1.4.0-zkz7yql => font-util/1.4.1-svoiruj
  7) fontconfig/2.13.1-txdjpxw => fontconfig/2.13.1-w4mhcb2
  8) freetype/2.13.2-koj3sd4 => freetype/2.13.2-j7ncfnw
  9) fribidi/1.0.12-33b5zpb => fribidi/1.0.12-7jfplbh
 10) gdbm/1.23-6h24ou6 => gdbm/1.23-exqbrui
 11) gettext/0.22.4-koftuxm => gettext/0.22.5-zik5ihu
 12) glib/2.78.3-py311-p36zoni => glib/2.78.3-py311-l7helfj
 13) gobject-introspection/1.78.1-py311-3hyu4ys => gobject-introspection/1.78.1-py311-hgd7yks
 14) harfbuzz/8.3.0-py311-z7qq36p => harfbuzz/10.0.1-py311-yn6jmmn
 15) icu4c/67.1-py311-l2tlyrp => icu4c/74.2-py311-vs2hz35
 16) json-glib/1.6.6-py311-k4em6rt => json-glib/1.6.6-py311-6s2r336
 17) kbproto/1.0.7-ylg5cbu => kbproto/1.0.7-krserx6
 18) libbsd/0.12.1-zda63xq => libbsd/0.12.2-vn3dd6q
 19) libffi/3.4.6-sbyxvhc => libffi/3.4.6-bdwq7ei
 20) libiconv/1.17-dba3bla => libiconv/1.17-pdnbqbs
 21) libjpeg-turbo/3.0.0-ucht777 => libjpeg-turbo/3.0.3-ry2odao
 22) libmd/1.0.4-epwugc7 => libmd/1.0.4-dwc5q6s
 23) libpng/1.6.39-j4sjt4o => libpng/1.6.39-x76ygkc
 24) libpthread-stubs/0.5-tmlwepo => libpthread-stubs/0.5-zs34hic
 25) libtiff/4.5.1-tx4jcif => libtiff/4.6.0-2kxurds
 26) libx11/1.8.7-b7sjxcs => libx11/1.8.10-f5xe25e
 27) libxau/1.0.11-4rxwhaj => libxau/1.0.11-uom6kqp
 28) libxcb/1.16-xqock27 => libxcb/1.17.0-ah6xdgr
 29) libxcrypt/4.4.35-zja4526 => libxcrypt/4.4.35-x6xdydt
 30) libxdmcp/1.1.4-nzhcdvx => libxdmcp/1.1.5-5hzflqv
 31) libxext/1.3.5-zwmhhxf => libxext/1.3.6-joxe6ey
 32) libxft/2.3.8-gyujdo3 => libxft/2.3.8-u5y2kxs
 33) libxml2/2.10.3-t6x3p3p => libxml2/2.10.3-6ujajfv
 34) libxrender/0.9.11-ckfjm2i => libxrender/0.9.11-2yzlhqg
 35) libxscrnsaver/1.2.4-yb6ge6o => libxscrnsaver/1.2.4-ta6gj4w
 36) ncurses/6.4-6o67umv => ncurses/6.5-55fd2mx
 37) openssl/3.2.1-wohkbfi => openssl/3.3.1-5v6rl3q
 38) pango/1.50.13-py311-t2ogpeq => pango/1.54.0-py311-76cderw
 39) pcre2/10.42-j5s7jw4 => pcre2/10.44-fxqjqnn
 40) perl/5.38.0-7cb4ojc => perl/5.40.0-l2sxfqz
 41) pigz/2.8-vt5ps6w => pigz/2.8-edkwki4
 42) pixman/0.42.2-snhhgl7 => pixman/0.42.2-7os26o4
 43) pkgconf/1.9.5-tbodkye => pkgconf/2.2.0-iz2eeak
 44) python/3.11.7-uyooqcy => python/3.11.9-hr34hmq
 45) readline/8.2-x2jj77v => readline/8.2-g32sjp4
 46) renderproto/0.11.1-qvd4ion => renderproto/0.11.1-tehznoy
 47) scrnsaverproto/1.2.2-vb23hmf => scrnsaverproto/1.2.2-5h3xmw5
 48) sqlite/3.43.2-qhkje4l => sqlite/3.46.0-ygro466
 49) tar/1.34-cxa4vai => tar/1.34-dimfnd7
 50) tcl/8.6.12-q4we4ug => tcl/8.6.12-coiobuv
 51) tk/8.6.11-fj4oxzk => tk/8.6.11-wgy3erk
 52) util-linux-uuid/2.38.1-sbo5bsn => util-linux-uuid/2.40.2-wmag5dy
 53) xextproto/7.3.0-kqz6mtr => xextproto/7.3.0-guqxona
 54) xproto/7.0.31-pt2lmmk => xproto/7.0.31-etvyw54
 55) xtrans/1.5.0-ersltm7 => xtrans/1.5.0-d4mg6ye
 56) xz/5.4.6-ss2bz2e => xz/5.4.6-xbpkfgh
 57) zlib-ng/2.1.6-nf73pqi => zlib-ng/2.2.1-4rxbcvx
 58) zstd/1.5.6-focyozj => zstd/1.5.6-qfc7cs2

open failed: couldn't open /work/LAS/wmoss-lab/programs/rscape_v2.0.0.k/data/power/R-scape.power.subs.csv for reading
# R-scape :: RNA Structural Covariation Above Phylogenetic Expectation
# R-scape 2.0.0.k elenarivas@fas.harvard.edu (July 2022)
# Copyright (C) 2016-2019 Howard Hughes Medical Institute.
# Freely distributed under the GNU General Public License (GPLv3).
sed: can't read *.sto: No such file or directory
PROCESSING: *

ERROR: there was a problem drawing motif "*": Cannot open file '*.sto': 'No such file or directory'
GPL Ghostscript 10.0.0 (2022-09-21)
Copyright (C) 2022 Artifex Software, Inc.  All rights reserved.
This software is supplied under the GNU AGPLv3 and comes with NO WARRANTY:
see the file COPYING for details.
Error: /undefinedfilename in (*.R2R.pdf)
Operand stack:

Execution stack:
   %interp_exit   .runexec2   --nostringval--   --nostringval--   --nostringval--   2   %stopped_push   --nostringval--   --nostringval--   --nostringval--   false   1   %stopped_push
Dictionary stack:
   --dict:764/1123(ro)(G)--   --dict:0/20(G)--   --dict:75/200(L)--
Current allocation mode is local
Last OS error: No such file or directory
GPL Ghostscript 10.00.0: Unrecoverable error, exit code 1
2025-04-11 10:37:08,206 INFO 2776340: Cobretti stage 1CA run in progress...
2025-04-11 10:37:08,206 INFO 2776340: R-Scape complete, organizing results...
2025-04-11 10:37:08,211 INFO 2776340: Cobretti run completed successfully!
