flatpak: symbol lookup error: /lib64/libldap.so.2: undefined symbol: EVP_md2, version OPENSSL_3.0.0
Lmod has detected the following error: The following module(s) are unknown:
"ncbi-blast-db/latest"

Please check the spelling or version number. Also try "module spider ..."
It is also possible your cache file is out-of-date; it may help to try:
  $ module --ignore_cache load "ncbi-blast-db/latest"

Also make sure that all modulefiles written in TCL start with the string
#%Module



: /lustre/hdd/LAS/BioDatabase/ncbi/blast-db/latest
Lmod Warning:
-------------------------------------------------------------------------------
The following dependent module(s) are not currently loaded:
python/3.11.9-hr34hmq (required by: python-venv/1.0-py311-feweu7f,
py-setuptools/63.4.3-py311-rtpqtuw, py-numpy/1.24.4-py311-eihztow,
py-biopython/1.81-py311-xigmold)
-------------------------------------------------------------------------------




The following have been reloaded with a version change:
  1) bzip2/1.0.8-jxv7h7d => bzip2/1.0.8-lzwesvn
  2) expat/2.6.3-73vqnat => expat/2.5.0-thwe7ro
  3) font-util/1.4.1-svoiruj => font-util/1.4.0-u5b7y6r
  4) fontconfig/2.13.1-w4mhcb2 => fontconfig/2.13.1-oltetsi
  5) freetype/2.13.2-j7ncfnw => freetype/2.11.1-rjf5tey
  6) gdbm/1.23-exqbrui => gdbm/1.23-4fyo4ei
  7) gettext/0.22.5-zik5ihu => gettext/0.21.1-a735ozh
  8) kbproto/1.0.7-krserx6 => kbproto/1.0.7-byuw3zz
  9) libbsd/0.12.2-vn3dd6q => libbsd/0.11.7-v55zmev
 10) libffi/3.4.6-bdwq7ei => libffi/3.3-izixbhl
 11) libiconv/1.17-pdnbqbs => libiconv/1.17-m4nfoxw
 12) libmd/1.0.4-dwc5q6s => libmd/1.0.4-oknbw4j
 13) libpng/1.6.39-x76ygkc => libpng/1.6.39-5b5qhj7
 14) libpthread-stubs/0.5-zs34hic => libpthread-stubs/0.4-ky45ca6
 15) libx11/1.8.10-f5xe25e => libx11/1.8.4-6ekkrdm
 16) libxau/1.0.11-uom6kqp => libxau/1.0.8-flvt4ah
 17) libxcb/1.17.0-ah6xdgr => libxcb/1.14-p657ut5
 18) libxcrypt/4.4.35-x6xdydt => libxcrypt/4.4.33-nrvcch6
 19) libxdmcp/1.1.5-5hzflqv => libxdmcp/1.1.4-ckxlsbd
 20) libxext/1.3.6-joxe6ey => libxext/1.3.3-zsefcrn
 21) libxft/2.3.8-u5y2kxs => libxft/2.3.2-p65q6yc
 22) libxml2/2.10.3-6ujajfv => libxml2/2.10.3-k7sxdfr
 23) libxrender/0.9.11-2yzlhqg => libxrender/0.9.10-qky2ycf
 24) libxscrnsaver/1.2.4-ta6gj4w => libxscrnsaver/1.2.2-x7bvl7i
 25) ncurses/6.5-55fd2mx => ncurses/6.4-ah6cmec
 26) openssl/3.3.1-5v6rl3q => openssl/1.1.1t-ipqfewh
 27) pigz/2.8-edkwki4 => pigz/2.7-bry6mdx
 28) python/3.11.9-hr34hmq => python/3.10.10-zwlkg4l
 29) readline/8.2-g32sjp4 => readline/8.2-hinam4f
 30) renderproto/0.11.1-tehznoy => renderproto/0.11.1-5ydmvy6
 31) scrnsaverproto/1.2.2-5h3xmw5 => scrnsaverproto/1.2.2-phbmzth
 32) sqlite/3.46.0-ygro466 => sqlite/3.40.1-di4mq5z
 33) tar/1.34-dimfnd7 => tar/1.34-nzg5e7x
 34) tcl/8.6.12-coiobuv => tcl/8.6.12-zpfpc7q
 35) tk/8.6.11-wgy3erk => tk/8.6.11-z75veng
 36) util-linux-uuid/2.40.2-wmag5dy => util-linux-uuid/2.38.1-jgqx5vj
 37) xextproto/7.3.0-guqxona => xextproto/7.3.0-je7vsx3
 38) xproto/7.0.31-etvyw54 => xproto/7.0.31-4obciun
 39) xtrans/1.5.0-d4mg6ye => xtrans/1.3.5-7x65sip
 40) xz/5.4.6-xbpkfgh => xz/5.4.1-yra4g4l
 41) zstd/1.5.6-qfc7cs2 => zstd/1.5.4-l2uh2sm

BLAST Database error: No alias or index file found for nucleotide database [nt] in search path [/lustre/hdd/LAS/wmoss-lab/ecoppen/benchmarks/cobretti_nova/Cobretti/test::]
