2025-04-11 11:20:52,193 INFO 2777652: Cobretti stage 1B run in progress...
2025-04-11 11:20:52,193 INFO 2777652: Preparing files for PK/cm-builder...
2025-04-11 11:20:52,194 INFO 2777652: Optimizing BLAST databases...
2025-04-11 11:20:52,300 ERROR 2777652: Unable to copy file: 1a51_motif_3.dbn
2025-04-11 11:20:52,301 ERROR 2777652: Unable to copy file: 1a51_motif_2.dbn
2025-04-11 11:20:52,301 ERROR 2777652: Unable to copy file: 1a51_motif_1.dbn
2025-04-11 11:20:52,306 INFO 2777652: Extending motifs...
2025-04-11 11:20:52,325 INFO 2777652: Checking for pseudoknots...
Cannot open file /work/LAS/wmoss-lab/programs/hfold/simfold/params/multirnafold.conf: No such file or directory
Cannot open file /work/LAS/wmoss-lab/programs/hfold/simfold/params/multirnafold.conf: No such file or directory
Cannot open file /work/LAS/wmoss-lab/programs/hfold/simfold/params/multirnafold.conf: No such file or directory
Cannot open file /work/LAS/wmoss-lab/programs/hfold/simfold/params/multirnafold.conf: No such file or directory
Cannot open file /work/LAS/wmoss-lab/programs/hfold/simfold/params/multirnafold.conf: No such file or directory
Cannot open file /work/LAS/wmoss-lab/programs/hfold/simfold/params/multirnafold.conf: No such file or directory
2025-04-11 11:21:11,476 INFO 2777652: Cleaning up pseudoknot results...
2025-04-11 11:21:11,477 ERROR 2777652: PK cleanup error: >>1a51_motif_3_coordinates:326-344_zscore=-2.93 HFold

2025-04-11 11:21:11,477 ERROR 2777652: PK cleanup error: >>1a51_motif_3_coordinates:326-344_zscore=-2.93 HFold

2025-04-11 11:21:11,477 ERROR 2777652: PK cleanup error: >>1a51_motif_2_coordinates:307-323_zscore=-3.69 HFold

2025-04-11 11:21:11,477 ERROR 2777652: PK cleanup error: >>1a51_motif_2_coordinates:307-323_zscore=-3.69 HFold

2025-04-11 11:21:11,477 ERROR 2777652: PK cleanup error: >>1a51_motif_1_coordinates:293-306_zscore=-1.0 HFold

2025-04-11 11:21:11,477 ERROR 2777652: PK cleanup error: >>1a51_motif_1_coordinates:293-306_zscore=-1.0 HFold

2025-04-11 11:21:11,477 ERROR 2777652: PK cleanup error: >>1a51_motif_1_coordinates:293-306_zscore=-1.0 HFold ScanFold

2025-04-11 11:21:11,477 ERROR 2777652: PK cleanup error: >>1a51_motif_1_coordinates:293-306_zscore=-1.0 HFold ScanFold

2025-04-11 11:21:11,478 INFO 2777652: Nesting pseudoknots...
2025-04-11 11:21:11,525 INFO 2777652: Preparing cm-builder scripts...
2025-04-11 11:21:11,588 INFO 2777652: Running cm-builder scripts...
Submitted batch job 6237112
Submitted batch job 6237113
2025-04-11 11:21:11,646 INFO 2777652: Cobretti run completed successfully!
