2025-04-11 10:36:58,448 INFO 2776221: Cobretti stage 1C run in progress...
2025-04-11 10:36:58,448 INFO 2776221: Organizing files and running R-Scape...
Submitted batch job 6237016
2025-04-11 10:36:58,611 INFO 2776221: R-Scape complete, organizing results...
2025-04-11 10:36:58,622 INFO 2776221: Cobretti run completed successfully!
