Lmod Warning:
-------------------------------------------------------------------------------
The following dependent module(s) are not currently loaded: bzip2/1.0.8-lzwesvn
(required by: ncbi-rmblastn/2.14.0-py310-vqnew3z), python/3.10.10-zwlkg4l
(required by: boost/1.81.0-py310-ipcq5yi), xz/5.4.1-yra4g4l (required by:
ncbi-rmblastn/2.14.0-py310-vqnew3z), zstd/1.5.4-l2uh2sm (required by:
ncbi-rmblastn/2.14.0-py310-vqnew3z)
-------------------------------------------------------------------------------




The following have been reloaded with a version change:
  1) bzip2/1.0.8-lzwesvn => bzip2/1.0.8-jxv7h7d
  2) expat/2.5.0-thwe7ro => expat/2.6.3-73vqnat
  3) font-util/1.4.0-u5b7y6r => font-util/1.4.1-svoiruj
  4) fontconfig/2.13.1-oltetsi => fontconfig/2.13.1-w4mhcb2
  5) freetype/2.11.1-rjf5tey => freetype/2.13.2-j7ncfnw
  6) gdbm/1.23-4fyo4ei => gdbm/1.23-exqbrui
  7) gettext/0.21.1-a735ozh => gettext/0.22.5-zik5ihu
  8) kbproto/1.0.7-byuw3zz => kbproto/1.0.7-krserx6
  9) libbsd/0.11.7-v55zmev => libbsd/0.12.2-vn3dd6q
 10) libffi/3.3-izixbhl => libffi/3.4.6-bdwq7ei
 11) libiconv/1.17-m4nfoxw => libiconv/1.17-pdnbqbs
 12) libmd/1.0.4-oknbw4j => libmd/1.0.4-dwc5q6s
 13) libpng/1.6.39-5b5qhj7 => libpng/1.6.39-x76ygkc
 14) libpthread-stubs/0.4-ky45ca6 => libpthread-stubs/0.5-zs34hic
 15) libx11/1.8.4-6ekkrdm => libx11/1.8.10-f5xe25e
 16) libxau/1.0.8-flvt4ah => libxau/1.0.11-uom6kqp
 17) libxcb/1.14-p657ut5 => libxcb/1.17.0-ah6xdgr
 18) libxcrypt/4.4.33-nrvcch6 => libxcrypt/4.4.35-x6xdydt
 19) libxdmcp/1.1.4-ckxlsbd => libxdmcp/1.1.5-5hzflqv
 20) libxext/1.3.3-zsefcrn => libxext/1.3.6-joxe6ey
 21) libxft/2.3.2-p65q6yc => libxft/2.3.8-u5y2kxs
 22) libxml2/2.10.3-k7sxdfr => libxml2/2.10.3-6ujajfv
 23) libxrender/0.9.10-qky2ycf => libxrender/0.9.11-2yzlhqg
 24) libxscrnsaver/1.2.2-x7bvl7i => libxscrnsaver/1.2.4-ta6gj4w
 25) ncurses/6.4-ah6cmec => ncurses/6.5-55fd2mx
 26) openssl/1.1.1t-ipqfewh => openssl/3.3.1-5v6rl3q
 27) pigz/2.7-bry6mdx => pigz/2.8-edkwki4
 28) python/3.10.10-zwlkg4l => python/3.11.9-hr34hmq
 29) readline/8.2-hinam4f => readline/8.2-g32sjp4
 30) renderproto/0.11.1-5ydmvy6 => renderproto/0.11.1-tehznoy
 31) scrnsaverproto/1.2.2-phbmzth => scrnsaverproto/1.2.2-5h3xmw5
 32) sqlite/3.40.1-di4mq5z => sqlite/3.46.0-ygro466
 33) tar/1.34-nzg5e7x => tar/1.34-dimfnd7
 34) tcl/8.6.12-zpfpc7q => tcl/8.6.12-coiobuv
 35) tk/8.6.11-z75veng => tk/8.6.11-wgy3erk
 36) util-linux-uuid/2.38.1-jgqx5vj => util-linux-uuid/2.40.2-wmag5dy
 37) xextproto/7.3.0-je7vsx3 => xextproto/7.3.0-guqxona
 38) xproto/7.0.31-4obciun => xproto/7.0.31-etvyw54
 39) xtrans/1.3.5-7x65sip => xtrans/1.5.0-d4mg6ye
 40) xz/5.4.1-yra4g4l => xz/5.4.6-xbpkfgh
 41) zstd/1.5.4-l2uh2sm => zstd/1.5.6-qfc7cs2

Lmod Warning:
-------------------------------------------------------------------------------
The following dependent module(s) are not currently loaded: bzip2/1.0.8-lzwesvn
(required by: ncbi-rmblastn/2.14.0-py310-vqnew3z), python/3.10.10-zwlkg4l
(required by: boost/1.81.0-py310-ipcq5yi), xz/5.4.1-yra4g4l (required by:
ncbi-rmblastn/2.14.0-py310-vqnew3z), zstd/1.5.4-l2uh2sm (required by:
ncbi-rmblastn/2.14.0-py310-vqnew3z)
-------------------------------------------------------------------------------



2025-04-10 15:17:02,069 INFO 2697766: Cobretti stage 1B run in progress...
2025-04-10 15:17:02,069 INFO 2697766: Preparing files for PK/cm-builder...
2025-04-10 15:17:02,070 INFO 2697766: Optimizing BLAST databases...
2025-04-10 15:17:02,196 ERROR 2697766: Unable to copy file: 1a51_motif_3.dbn
2025-04-10 15:17:02,197 ERROR 2697766: Unable to copy file: 1a51_motif_2.dbn
2025-04-10 15:17:02,197 ERROR 2697766: Unable to copy file: 1a51_motif_1.dbn
2025-04-10 15:17:02,201 INFO 2697766: Extending motifs...
2025-04-10 15:17:02,250 INFO 2697766: Checking for pseudoknots...
Cannot open file /work/LAS/wmoss-lab/programs/hfold/simfold/params/multirnafold.conf: No such file or directory
Cannot open file /work/LAS/wmoss-lab/programs/hfold/simfold/params/multirnafold.conf: No such file or directory
Cannot open file /work/LAS/wmoss-lab/programs/hfold/simfold/params/multirnafold.conf: No such file or directory
Cannot open file /work/LAS/wmoss-lab/programs/hfold/simfold/params/multirnafold.conf: No such file or directory
Cannot open file /work/LAS/wmoss-lab/programs/hfold/simfold/params/multirnafold.conf: No such file or directory
Cannot open file /work/LAS/wmoss-lab/programs/hfold/simfold/params/multirnafold.conf: No such file or directory
2025-04-10 15:17:26,277 INFO 2697766: Cleaning up pseudoknot results...
2025-04-10 15:17:26,278 ERROR 2697766: PK cleanup error: >>1a51_motif_3_coordinates:326-344_zscore=-2.93 HFold

2025-04-10 15:17:26,279 ERROR 2697766: PK cleanup error: >>1a51_motif_3_coordinates:326-344_zscore=-2.93 HFold

2025-04-10 15:17:26,279 ERROR 2697766: PK cleanup error: >>1a51_motif_2_coordinates:307-323_zscore=-3.69 HFold

2025-04-10 15:17:26,279 ERROR 2697766: PK cleanup error: >>1a51_motif_2_coordinates:307-323_zscore=-3.69 HFold

2025-04-10 15:17:26,279 ERROR 2697766: PK cleanup error: >>1a51_motif_1_coordinates:293-306_zscore=-1.0 HFold

2025-04-10 15:17:26,279 ERROR 2697766: PK cleanup error: >>1a51_motif_1_coordinates:293-306_zscore=-1.0 HFold

2025-04-10 15:17:26,279 ERROR 2697766: PK cleanup error: >>1a51_motif_1_coordinates:293-306_zscore=-1.0 HFold ScanFold

2025-04-10 15:17:26,279 ERROR 2697766: PK cleanup error: >>1a51_motif_1_coordinates:293-306_zscore=-1.0 HFold ScanFold

2025-04-10 15:17:26,280 INFO 2697766: Nesting pseudoknots...
2025-04-10 15:17:26,478 INFO 2697766: Preparing cm-builder scripts...
2025-04-10 15:17:26,554 INFO 2697766: Running cm-builder scripts...
Submitted batch job 6234672
Submitted batch job 6234673
2025-04-10 15:17:26,606 INFO 2697766: Cobretti run completed successfully!
